Component: ARM Compiler 5.05 update 2 (build 169) Tool: armlink [4d0f33]

==============================================================================

Section Cross References

    main.o(.text) refers to stm32f10x_rcc.o(.text) for RCC_APB2PeriphClockCmd
    main.o(.text) refers to stm32f10x_usart.o(.text) for USART_DeInit
    main.o(.text) refers to stm32f10x_gpio.o(.text) for GPIO_Init
    main.o(.text) refers to misc.o(.text) for NVIC_Init
    main.o(.text) refers to delay.o(.text) for delay_init
    main.o(.text) refers to x9c103.o(.text) for Init_x109_1_3_6
    main.o(.text) refers to usart.o(.data) for USART_RX_STA
    stm32f10x_it.o(.text) refers to stm32f10x_usart.o(.text) for USART_GetITStatus
    stm32f10x_it.o(.text) refers to x9c103.o(.text) for X9C103_Inc_N_Step
    stm32f10x_it.o(.text) refers to stm32f10x_gpio.o(.text) for GPIO_ResetBits
    stm32f10x_it.o(.text) refers to delay.o(.text) for delay_ms
    stm32f10x_it.o(.text) refers to usart.o(.data) for USART_RX_STA
    stm32f10x_it.o(.text) refers to stm32f10x_it.o(.data) for flag
    system_stm32f10x.o(.text) refers to system_stm32f10x.o(.data) for SystemCoreClock
    led.o(.text) refers to stm32f10x_rcc.o(.text) for RCC_APB2PeriphClockCmd
    led.o(.text) refers to stm32f10x_gpio.o(.text) for GPIO_Init
    key.o(.text) refers to stm32f10x_rcc.o(.text) for RCC_APB2PeriphClockCmd
    key.o(.text) refers to stm32f10x_gpio.o(.text) for GPIO_Init
    key.o(.text) refers to delay.o(.text) for delay_ms
    key.o(.text) refers to key.o(.data) for key_up
    lcd.o(.text) refers to _printf_percent.o(.ARM.Collect$$_printf_percent$$00000000) for _printf_percent
    lcd.o(.text) refers to _printf_x.o(.ARM.Collect$$_printf_percent$$0000000C) for _printf_x
    lcd.o(.text) refers to _printf_hex_int.o(.text) for _printf_longlong_hex
    lcd.o(.text) refers to delay.o(.text) for delay_us
    lcd.o(.text) refers to lcd.o(.bss) for lcddev
    lcd.o(.text) refers to lcd.o(.data) for POINT_COLOR
    lcd.o(.text) refers to dflt_clz.o(x$fpl$dfltu) for __aeabi_ui2d
    lcd.o(.text) refers to dmul.o(x$fpl$dmul) for __aeabi_dmul
    lcd.o(.text) refers to dfixu.o(x$fpl$dfixu) for __aeabi_d2uiz
    lcd.o(.text) refers to stm32f10x_rcc.o(.text) for RCC_AHBPeriphClockCmd
    lcd.o(.text) refers to stm32f10x_gpio.o(.text) for GPIO_Init
    lcd.o(.text) refers to stm32f10x_fsmc.o(.text) for FSMC_NORSRAMInit
    lcd.o(.text) refers to noretval__2printf.o(.text) for __2printf
    lcd.o(.text) refers to lcd.o(.constdata) for asc2_1206
    spi.o(.text) refers to stm32f10x_spi.o(.text) for SPI_I2S_GetFlagStatus
    spi.o(.text) refers to stm32f10x_rcc.o(.text) for RCC_APB2PeriphClockCmd
    spi.o(.text) refers to stm32f10x_gpio.o(.text) for GPIO_Init
    w25qxx.o(.text) refers to _printf_percent.o(.ARM.Collect$$_printf_percent$$00000000) for _printf_percent
    w25qxx.o(.text) refers to _printf_x.o(.ARM.Collect$$_printf_percent$$0000000C) for _printf_x
    w25qxx.o(.text) refers to _printf_hex_int.o(.text) for _printf_longlong_hex
    w25qxx.o(.text) refers to spi.o(.text) for SPI2_ReadWriteByte
    w25qxx.o(.text) refers to stm32f10x_rcc.o(.text) for RCC_APB2PeriphClockCmd
    w25qxx.o(.text) refers to stm32f10x_gpio.o(.text) for GPIO_Init
    w25qxx.o(.text) refers to noretval__2printf.o(.text) for __2printf
    w25qxx.o(.text) refers to delay.o(.text) for delay_us
    w25qxx.o(.text) refers to w25qxx.o(.data) for W25QXX_TYPE
    w25qxx.o(.text) refers to w25qxx.o(.bss) for W25QXX_BUFFER
    sdio_sdcard.o(.text) refers to stm32f10x_sdio.o(.text) for SDIO_GetFlagStatus
    sdio_sdcard.o(.text) refers to sdio_sdcard.o(.data) for DeviceMode
    sdio_sdcard.o(.text) refers to sdio_sdcard.o(.bss) for SDIO_CmdInitStructure
    sdio_sdcard.o(.text) refers to stm32f10x_rcc.o(.text) for RCC_APB2PeriphClockCmd
    sdio_sdcard.o(.text) refers to stm32f10x_gpio.o(.text) for GPIO_Init
    sdio_sdcard.o(.text) refers to misc.o(.text) for NVIC_Init
    sdio_sdcard.o(.text) refers to stm32f10x_dma.o(.text) for DMA_DeInit
    sdio_sdcard.o(.text) refers to sys.o(.text) for INTX_DISABLE
    sdio_sdcard.o(.text) refers to rt_memcpy_v6.o(.text) for __aeabi_memcpy
    vs10xx.o(.text) refers to spi.o(.text) for SPI1_ReadWriteByte
    vs10xx.o(.text) refers to stm32f10x_rcc.o(.text) for RCC_APB2PeriphClockCmd
    vs10xx.o(.text) refers to stm32f10x_gpio.o(.text) for GPIO_Init
    vs10xx.o(.text) refers to delay.o(.text) for delay_ms
    vs10xx.o(.text) refers to vs10xx.o(.constdata) for bitrate
    vs10xx.o(.text) refers to vs10xx.o(.data) for vsset
    x9c103.o(.text) refers to stm32f10x_rcc.o(.text) for RCC_APB2PeriphClockCmd
    x9c103.o(.text) refers to stm32f10x_gpio.o(.text) for GPIO_Init
    x9c103.o(.text) refers to delay.o(.text) for delay_ms
    delay.o(.text) refers to misc.o(.text) for SysTick_CLKSourceConfig
    delay.o(.text) refers to system_stm32f10x.o(.data) for SystemCoreClock
    delay.o(.text) refers to delay.o(.data) for fac_us
[...]
    ..\CORE\startup_stm32f10x_hd.s           0x00000000   Number         0  startup_stm32f10x_hd.o ABSOLUTE
    ..\FATFS\exfuns\exfuns.c                 0x00000000   Number         0  exfuns.o ABSOLUTE
    ..\FATFS\exfuns\fattester.c              0x00000000   Number         0  fattester.o ABSOLUTE
    ..\FATFS\exfuns\mycc936.c                0x00000000   Number         0  mycc936.o ABSOLUTE
    ..\FATFS\src\diskio.c                    0x00000000   Number         0  diskio.o ABSOLUTE
    ..\FATFS\src\ff.c                        0x00000000   Number         0  ff.o ABSOLUTE
    ..\HARDWARE\KEY\key.c                    0x00000000   Number         0  key.o ABSOLUTE
    ..\HARDWARE\LCD\lcd.c                    0x00000000   Number         0  lcd.o ABSOLUTE
    ..\HARDWARE\LED\led.c                    0x00000000   Number         0  led.o ABSOLUTE
    ..\HARDWARE\SDIO\sdio_sdcard.c           0x00000000   Number         0  sdio_sdcard.o ABSOLUTE
    ..\HARDWARE\SPI\spi.c                    0x00000000   Number         0  spi.o ABSOLUTE
    ..\HARDWARE\VS10XX\vs10xx.c              0x00000000   Number         0  vs10xx.o ABSOLUTE
    ..\HARDWARE\W25QXX\w25qxx.c              0x00000000   Number         0  w25qxx.o ABSOLUTE
    ..\HARDWARE\X9C103\X9C103.c              0x00000000   Number         0  x9c103.o ABSOLUTE
    ..\MALLOC\malloc.c                       0x00000000   Number         0  malloc.o ABSOLUTE
    ..\STM32F10x_FWLib\src\misc.c            0x00000000   Number         0  misc.o ABSOLUTE
    ..\STM32F10x_FWLib\src\stm32f10x_dma.c   0x00000000   Number         0  stm32f10x_dma.o ABSOLUTE
    ..\STM32F10x_FWLib\src\stm32f10x_fsmc.c  0x00000000   Number         0  stm32f10x_fsmc.o ABSOLUTE
    ..\STM32F10x_FWLib\src\stm32f10x_gpio.c  0x00000000   Number         0  stm32f10x_gpio.o ABSOLUTE
    ..\STM32F10x_FWLib\src\stm32f10x_rcc.c   0x00000000   Number         0  stm32f10x_rcc.o ABSOLUTE
    ..\STM32F10x_FWLib\src\stm32f10x_sdio.c  0x00000000   Number         0  stm32f10x_sdio.o ABSOLUTE
    ..\STM32F10x_FWLib\src\stm32f10x_spi.c   0x00000000   Number         0  stm32f10x_spi.o ABSOLUTE
    ..\STM32F10x_FWLib\src\stm32f10x_tim.c   0x00000000   Number         0  stm32f10x_tim.o ABSOLUTE
    ..\STM32F10x_FWLib\src\stm32f10x_usart.c 0x00000000   Number         0  stm32f10x_usart.o ABSOLUTE
    ..\SYSTEM\delay\delay.c                  0x00000000   Number         0  delay.o ABSOLUTE
    ..\SYSTEM\sys\sys.c                      0x00000000   Number         0  sys.o ABSOLUTE
    ..\SYSTEM\usart\usart.c                  0x00000000   Number         0  usart.o ABSOLUTE
    ..\TEXT\fontupd.c                        0x00000000   Number         0  fontupd.o ABSOLUTE
    ..\TEXT\text.c                           0x00000000   Number         0  text.o ABSOLUTE
    ..\USMART\usmart.c                       0x00000000   Number         0  usmart.o ABSOLUTE
    ..\USMART\usmart_config.c                0x00000000   Number         0  usmart_config.o ABSOLUTE
    ..\USMART\usmart_str.c                   0x00000000   Number         0  usmart_str.o ABSOLUTE
    ..\\CORE\\core_cm3.c                     0x00000000   Number         0  core_cm3.o ABSOLUTE
    ..\\SYSTEM\\sys\\sys.c                   0x00000000   Number         0  sys.o ABSOLUTE
    dc.s                                     0x00000000   Number         0  dc.o ABSOLUTE
    main.c                                   0x00000000   Number         0  main.o ABSOLUTE
    stm32f10x_it.c                           0x00000000   Number         0  stm32f10x_it.o ABSOLUTE
    system_stm32f10x.c                       0x00000000   Number         0  system_stm32f10x.o ABSOLUTE
    RESET                                    0x08000000   Section      304  startup_stm32f10x_hd.o(RESET)
    !!!main                                  0x08000130   Section        8  __main.o(!!!main)
    !!!scatter                               0x08000138   Section       52  __scatter.o(!!!scatter)
    !!dczerorl2                              0x0800016c   Section       90  __dczerorl2.o(!!dczerorl2)
    !!handler_zi                             0x080001c8   Section       28  __scatter_zi.o(!!handler_zi)
    .ARM.Collect$$_printf_percent$$00000000  0x080001e4   Section        0  _printf_percent.o(.ARM.Collect$$_printf_percent$$00000000)
    .ARM.Collect$$_printf_percent$$00000009  0x080001e4   Section        6  _printf_d.o(.ARM.Collect$$_printf_percent$$00000009)
    .ARM.Collect$$_printf_percent$$0000000A  0x080001ea   Section        6  _printf_u.o(.ARM.Collect$$_printf_percent$$0000000A)
    .ARM.Collect$$_printf_percent$$0000000C  0x080001f0   Section        6  _printf_x.o(.ARM.Collect$$_printf_percent$$0000000C)
    .ARM.Collect$$_printf_percent$$00000013  0x080001f6   Section        6  _printf_c.o(.ARM.Collect$$_printf_percent$$00000013)
    .ARM.Collect$$_printf_percent$$00000014  0x080001fc   Section        6  _printf_s.o(.ARM.Collect$$_printf_percent$$00000014)
    .ARM.Collect$$_printf_percent$$00000017  0x08000202   Section        4  _printf_percent_end.o(.ARM.Collect$$_printf_percent$$00000017)
    .ARM.Collect$$libinit$$00000000          0x08000206   Section        2  libinit.o(.ARM.Collect$$libinit$$00000000)
    .ARM.Collect$$libinit$$00000002          0x08000208   Section        0  libinit2.o(.ARM.Collect$$libinit$$00000002)
    .ARM.Collect$$libinit$$00000004          0x08000208   Section        0  libinit2.o(.ARM.Collect$$libinit$$00000004)
    .ARM.Collect$$libinit$$0000000A          0x08000208   Section        0  libinit2.o(.ARM.Collect$$libinit$$0000000A)
    .ARM.Collect$$libinit$$0000000C          0x08000208   Section        0  libinit2.o(.ARM.Collect$$libinit$$0000000C)
    .ARM.Collect$$libinit$$0000000E          0x08000208   Section        0  libinit2.o(.ARM.Collect$$libinit$$0000000E)
    .ARM.Collect$$libinit$$00000011          0x08000208   Section        0  libinit2.o(.ARM.Collect$$libinit$$00000011)
    .ARM.Collect$$libinit$$00000013          0x08000208   Section        0  libinit2.o(.ARM.Collect$$libinit$$00000013)
    .ARM.Collect$$libinit$$00000015          0x08000208   Section        0  libinit2.o(.ARM.Collect$$libinit$$00000015)
    .ARM.Collect$$libinit$$00000017          0x08000208   Section        0  libinit2.o(.ARM.Collect$$libinit$$00000017)
    .ARM.Collect$$libinit$$00000019          0x08000208   Section        0  libinit2.o(.ARM.Collect$$libinit$$00000019)
    .ARM.Collect$$libinit$$0000001B          0x08000208   Section        0  libinit2.o(.ARM.Collect$$libinit$$0000001B)
    .ARM.Collect$$libinit$$0000001D          0x08000208   Section        0  libinit2.o(.ARM.Collect$$libinit$$0000001D)
    .ARM.Collect$$libinit$$0000001F          0x08000208   Section        0  libinit2.o(.ARM.Collect$$libinit$$0000001F)
    .ARM.Collect$$libinit$$00000021          0x08000208   Section        0  libinit2.o(.ARM.Collect$$libinit$$00000021)
    .ARM.Collect$$libinit$$00000023          0x08000208   Section        0  libinit2.o(.ARM.Collect$$libinit$$00000023)
    .ARM.Collect$$libinit$$00000025          0x08000208   Section        0  libinit2.o(.ARM.Collect$$libinit$$00000025)
    .ARM.Collect$$libinit$$0000002C          0x08000208   Section        0  libinit2.o(.ARM.Collect$$libinit$$0000002C)
    .ARM.Collect$$libinit$$0000002E          0x08000208   Section        0  libinit2.o(.ARM.Collect$$libinit$$0000002E)
    .ARM.Collect$$libinit$$00000030          0x08000208   Section        0  libinit2.o(.ARM.Collect$$libinit$$00000030)
    .ARM.Collect$$libinit$$00000032          0x08000208   Section        0  libinit2.o(.ARM.Collect$$libinit$$00000032)
    .ARM.Collect$$libinit$$00000033          0x08000208   Section        2  libinit2.o(.ARM.Collect$$libinit$$00000033)
    .ARM.Collect$$libshutdown$$00000000      0x0800020a   Section        2  libshutdown.o(.ARM.Collect$$libshutdown$$00000000)
    .ARM.Collect$$libshutdown$$00000003      0x0800020c   Section        0  libshutdown2.o(.ARM.Collect$$libshutdown$$00000003)
    .ARM.Collect$$libshutdown$$00000006      0x0800020c   Section        0  libshutdown2.o(.ARM.Collect$$libshutdown$$00000006)
    .ARM.Collect$$libshutdown$$00000009      0x0800020c   Section        0  libshutdown2.o(.ARM.Collect$$libshutdown$$00000009)
    .ARM.Collect$$libshutdown$$0000000B      0x0800020c   Section        0  libshutdown2.o(.ARM.Collect$$libshutdown$$0000000B)
    .ARM.Collect$$libshutdown$$0000000E      0x0800020c   Section        0  libshutdown2.o(.ARM.Collect$$libshutdown$$0000000E)
    .ARM.Collect$$libshutdown$$0000000F      0x0800020c   Section        2  libshutdown2.o(.ARM.Collect$$libshutdown$$0000000F)
    .ARM.Collect$$rtentry$$00000000          0x0800020e   Section        0  __rtentry.o(.ARM.Collect$$rtentry$$00000000)
    .ARM.Collect$$rtentry$$00000002          0x0800020e   Section        0  __rtentry2.o(.ARM.Collect$$rtentry$$00000002)
    .ARM.Collect$$rtentry$$00000004          0x0800020e   Section        6  __rtentry4.o(.ARM.Collect$$rtentry$$00000004)
    .ARM.Collect$$rtentry$$00000009          0x08000214   Section        0  __rtentry2.o(.ARM.Collect$$rtentry$$00000009)
    .ARM.Collect$$rtentry$$0000000A          0x08000214   Section        4  __rtentry2.o(.ARM.Collect$$rtentry$$0000000A)
    .ARM.Collect$$rtentry$$0000000C          0x08000218   Section        0  __rtentry2.o(.ARM.Collect$$rtentry$$0000000C)
    .ARM.Collect$$rtentry$$0000000D          0x08000218   Section        8  __rtentry2.o(.ARM.Collect$$rtentry$$0000000D)
    .ARM.Collect$$rtexit$$00000000           0x08000220   Section        2  rtexit.o(.ARM.Collect$$rtexit$$00000000)
    .ARM.Collect$$rtexit$$00000002           0x08000222   Section        0  rtexit2.o(.ARM.Collect$$rtexit$$00000002)
    .ARM.Collect$$rtexit$$00000003           0x08000222   Section        4  rtexit2.o(.ARM.Collect$$rtexit$$00000003)
    .ARM.Collect$$rtexit$$00000004           0x08000226   Section        6  rtexit2.o(.ARM.Collect$$rtexit$$00000004)
    .text                                    0x0800022c   Section        0  main.o(.text)
    .text                                    0x080003a0   Section        0  stm32f10x_it.o(.text)
    .text                                    0x080007bc   Section        0  system_stm32f10x.o(.text)
    SetSysClockTo72                          0x080007bd   Thumb Code   214  system_stm32f10x.o(.text)
    SetSysClock                              0x08000893   Thumb Code     8  system_stm32f10x.o(.text)
    .text                                    0x0800099c   Section        0  spi.o(.text)
    .text                                    0x08000ba0   Section        0  sdio_sdcard.o(.text)
    .text                                    0x080027d0   Section        0  vs10xx.o(.text)
    .text                                    0x08002f28   Section        0  x9c103.o(.text)
    .text                                    0x08003158   Section        0  delay.o(.text)
    .text                                    0x0800322c   Section        0  sys.o(.text)
    .text                                    0x08003238   Section        0  usart.o(.text)
    .text                                    0x080032f8   Section       64  startup_stm32f10x_hd.o(.text)
    .text                                    0x08003338   Section        0  misc.o(.text)
    .text                                    0x08003414   Section        0  stm32f10x_gpio.o(.text)
    .text                                    0x08003770   Section        0  stm32f10x_rcc.o(.text)
    .text                                    0x08003b14   Section        0  stm32f10x_spi.o(.text)
    .text                                    0x08003e20   Section        0  stm32f10x_usart.o(.text)
    .text                                    0x08004228   Section        0  stm32f10x_tim.o(.text)
    TI4_Config                               0x080046cf   Thumb Code   130  stm32f10x_tim.o(.text)
    TI3_Config                               0x08004763   Thumb Code   122  stm32f10x_tim.o(.text)
    TI2_Config                               0x080047f7   Thumb Code   130  stm32f10x_tim.o(.text)
    TI1_Config                               0x0800488b   Thumb Code   108  stm32f10x_tim.o(.text)
    .text                                    0x08005044   Section        0  stm32f10x_dma.o(.text)
    .text                                    0x08005298   Section        0  stm32f10x_sdio.o(.text)
    .text                                    0x0800546c   Section        0  usmart.o(.text)
    .text                                    0x080060a4   Section        0  usmart_str.o(.text)
    .text                                    0x080065cc   Section        2  use_no_semi_2.o(.text)
    .text                                    0x080065d0   Section        0  noretval__2printf.o(.text)
    .text                                    0x080065e8   Section        0  _printf_pad.o(.text)
    .text                                    0x08006636   Section        0  _printf_str.o(.text)
    .text                                    0x08006688   Section        0  _printf_dec.o(.text)
    .text                                    0x08006700   Section        0  _printf_hex_int.o(.text)
    .text                                    0x08006758   Section        0  __printf_flags_ss_wp.o(.text)
    .text                                    0x080068e0   Section      138  rt_memcpy_v6.o(.text)
    .text                                    0x0800696a   Section        0  heapauxi.o(.text)
    .text                                    0x08006970   Section        2  use_no_semi.o(.text)
    .text                                    0x08006972   Section        0  _printf_intcommon.o(.text)
    .text                                    0x08006a24   Section        0  _printf_char.o(.text)
    .text                                    0x08006a50   Section        0  _printf_char_file.o(.text)
    .text                                    0x08006a74   Section      100  rt_memcpy_w.o(.text)
    .text                                    0x08006ad8   Section        0  _printf_char_common.o(.text)
    _printf_input_char                       0x08006ad9   Thumb Code    10  _printf_char_common.o(.text)
    .text                                    0x08006b08   Section        0  ferror.o(.text)
    .text                                    0x08006b10   Section       74  sys_stackheap_outer.o(.text)
    .text                                    0x08006b5a   Section        0  exit.o(.text)
    .text                                    0x08006b68   Section        8  libspace.o(.text)
    i._is_digit                              0x08006b70   Section        0  __printf_wp.o(i._is_digit)
    .constdata                               0x08006b7e   Section       64  vs10xx.o(.constdata)
    .constdata                               0x08006bbe   Section       40  _printf_hex_int.o(.constdata)
    uc_hextab                                0x08006bbe   Data          20  _printf_hex_int.o(.constdata)
    lc_hextab                                0x08006bd2   Data          20  _printf_hex_int.o(.constdata)
    .constdata                               0x08006be6   Section       17  __printf_flags_ss_wp.o(.constdata)
    maptable                                 0x08006be6   Data          17  __printf_flags_ss_wp.o(.constdata)
    .conststring                             0x08006bf8   Section       40  usmart.o(.conststring)
    .conststring                             0x08006c20   Section      289  usmart_config.o(.conststring)
    .data                                    0x20000000   Section        1  stm32f10x_it.o(.data)
    .data                                    0x20000004   Section       20  system_stm32f10x.o(.data)
    .data                                    0x20000018   Section       16  sdio_sdcard.o(.data)
    CardType                                 0x20000018   Data           1  sdio_sdcard.o(.data)
    RCA                                      0x2000001c   Data           4  sdio_sdcard.o(.data)
    DeviceMode                               0x20000020   Data           1  sdio_sdcard.o(.data)
    StopCondition                            0x20000021   Data           1  sdio_sdcard.o(.data)
    .data                                    0x20000028   Section        8  vs10xx.o(.data)
    .data                                    0x20000030   Section        4  delay.o(.data)
    fac_us                                   0x20000030   Data           1  delay.o(.data)
    fac_ms                                   0x20000032   Data           2  delay.o(.data)
    .data                                    0x20000034   Section       11  usart.o(.data)
    .data                                    0x2000003f   Section       20  stm32f10x_rcc.o(.data)
    APBAHBPrescTable                         0x2000003f   Data          16  stm32f10x_rcc.o(.data)
    ADCPrescTable                            0x2000004f   Data           4  stm32f10x_rcc.o(.data)
    .data                                    0x20000054   Section       28  usmart.o(.data)
    .data                                    0x20000070   Section      316  usmart_config.o(.data)
    .bss                                     0x200001b0   Section      704  sdio_sdcard.o(.bss)
    CSD_Tab                                  0x200001f4   Data          16  sdio_sdcard.o(.bss)
    CID_Tab                                  0x20000204   Data          16  sdio_sdcard.o(.bss)
    .bss                                     0x20000470   Section       96  libspace.o(.bss)
    HEAP                                     0x200004d0   Section      512  startup_stm32f10x_hd.o(HEAP)
    Heap_Mem                                 0x200004d0   Data         512  startup_stm32f10x_hd.o(HEAP)
    STACK                                    0x200006d0   Section     1024  startup_stm32f10x_hd.o(STACK)
    Stack_Mem                                0x200006d0   Data        1024  startup_stm32f10x_hd.o(STACK)
    __initial_sp                             0x20000ad0   Data           0  startup_stm32f10x_hd.o(STACK)
    .ARM.__AT_0x68000000                     0x68000000   Section    983040  malloc.o(.ARM.__AT_0x68000000)
    .ARM.__AT_0x680F0000                     0x680f0000   Section    61440  malloc.o(.ARM.__AT_0x680F0000)

    Global Symbols

    Symbol Name                              Value     Ov Type        Size  Object(Section)

    BuildAttributes$$THM_ISAv4$P$D$K$B$S$PE$A:L22UL41UL21$X:L11$S22US41US21$IEEE1$IW$USESV6$~STKCKD$USESV7$~SHL$OSPACE$ROPI$EBA8$UX$STANDARDLIB$REQ8$PRES8$EABIv2 0x00000000   Number         0  anon$$obj.o ABSOLUTE
    __ARM_use_no_argv                        0x00000000   Number         0  main.o ABSOLUTE
    _printf_flags                            0x00000000   Number         0  printf_stubs.o ABSOLUTE
    _printf_return_value                     0x00000000   Number         0  printf_stubs.o ABSOLUTE
    _printf_sizespec                         0x00000000   Number         0  printf_stubs.o ABSOLUTE
    _printf_widthprec                        0x00000000   Number         0  printf_stubs.o ABSOLUTE
    __ARM_exceptions_init                     - Undefined Weak Reference
    __alloca_initialize                       - Undefined Weak Reference
    __arm_preinit_                            - Undefined Weak Reference
    __cpp_initialize__aeabi_                  - Undefined Weak Reference
    __cxa_finalize                            - Undefined Weak Reference
    __rt_locale                               - Undefined Weak Reference
    __sigvec_lookup                           - Undefined Weak Reference
    _atexit_init                              - Undefined Weak Reference
    _call_atexit_fns                          - Undefined Weak Reference
    _clock_init                               - Undefined Weak Reference
    _fp_trap_init                             - Undefined Weak Reference
    _fp_trap_shutdown                         - Undefined Weak Reference
    _get_lc_collate                           - Undefined Weak Reference
    _get_lc_ctype                             - Undefined Weak Reference
    _get_lc_monetary                          - Undefined Weak Reference
    _get_lc_numeric                           - Undefined Weak Reference
    _get_lc_time                              - Undefined Weak Reference
    _getenv_init                              - Undefined Weak Reference
    _handle_redirection                       - Undefined Weak Reference
    _init_alloc                               - Undefined Weak Reference
    _init_user_alloc                          - Undefined Weak Reference
    _initio                                   - Undefined Weak Reference
    _mutex_acquire                            - Undefined Weak Reference
    _mutex_release                            - Undefined Weak Reference
    _printf_mbtowc                            - Undefined Weak Reference
    _printf_truncate_signed                   - Undefined Weak Reference
    _printf_truncate_unsigned                 - Undefined Weak Reference
    _rand_init                                - Undefined Weak Reference
    _signal_finish                            - Undefined Weak Reference
    _signal_init                              - Undefined Weak Reference
    _terminate_alloc                          - Undefined Weak Reference
    _terminate_user_alloc                     - Undefined Weak Reference
    _terminateio                              - Undefined Weak Reference
    __Vectors_Size                           0x00000130   Number         0  startup_stm32f10x_hd.o ABSOLUTE
    __Vectors                                0x08000000   Data           4  startup_stm32f10x_hd.o(RESET)
    __Vectors_End                            0x08000130   Data           0  startup_stm32f10x_hd.o(RESET)
    __main                                   0x08000131   Thumb Code     8  __main.o(!!!main)
    __scatterload                            0x08000139   Thumb Code     0  __scatter.o(!!!scatter)
    __scatterload_rt2                        0x08000139   Thumb Code    44  __scatter.o(!!!scatter)
    __scatterload_rt2_thumb_only             0x08000139   Thumb Code     0  __scatter.o(!!!scatter)
    __scatterload_null                       0x08000147   Thumb Code     0  __scatter.o(!!!scatter)
    __decompress                             0x0800016d   Thumb Code    90  __dczerorl2.o(!!dczerorl2)
    __decompress1                            0x0800016d   Thumb Code     0  __dczerorl2.o(!!dczerorl2)
    __scatterload_zeroinit                   0x080001c9   Thumb Code    28  __scatter_zi.o(!!handler_zi)
    _printf_d                                0x080001e5   Thumb Code     0  _printf_d.o(.ARM.Collect$$_printf_percent$$00000009)
    _printf_percent                          0x080001e5   Thumb Code     0  _printf_percent.o(.ARM.Collect$$_printf_percent$$00000000)
    _printf_u                                0x080001eb   Thumb Code     0  _printf_u.o(.ARM.Collect$$_printf_percent$$0000000A)
    _printf_x                                0x080001f1   Thumb Code     0  _printf_x.o(.ARM.Collect$$_printf_percent$$0000000C)
    _printf_c                                0x080001f7   Thumb Code     0  _printf_c.o(.ARM.Collect$$_printf_percent$$00000013)
    _printf_s                                0x080001fd   Thumb Code     0  _printf_s.o(.ARM.Collect$$_printf_percent$$00000014)
    _printf_percent_end                      0x08000203   Thumb Code     0  _printf_percent_end.o(.ARM.Collect$$_printf_percent$$00000017)
    __rt_lib_init                            0x08000207   Thumb Code     0  libinit.o(.ARM.Collect$$libinit$$00000000)
    __rt_lib_init_alloca_1                   0x08000209   Thumb Code     0  libinit2.o(.ARM.Collect$$libinit$$0000002E)
    __rt_lib_init_argv_1                     0x08000209   Thumb Code     0  libinit2.o(.ARM.Collect$$libinit$$0000002C)
    __rt_lib_init_atexit_1                   0x08000209   Thumb Code     0  libinit2.o(.ARM.Collect$$libinit$$0000001B)
    __rt_lib_init_clock_1                    0x08000209   Thumb Code     0  libinit2.o(.ARM.Collect$$libinit$$00000021)
    __rt_lib_init_cpp_1                      0x08000209   Thumb Code     0  libinit2.o(.ARM.Collect$$libinit$$00000032)
    __rt_lib_init_exceptions_1               0x08000209   Thumb Code     0  libinit2.o(.ARM.Collect$$libinit$$00000030)
    __rt_lib_init_fp_1                       0x08000209   Thumb Code     0  libinit2.o(.ARM.Collect$$libinit$$00000002)
    __rt_lib_init_fp_trap_1                  0x08000209   Thumb Code     0  libinit2.o(.ARM.Collect$$libinit$$0000001F)
    __rt_lib_init_getenv_1                   0x08000209   Thumb Code     0  libinit2.o(.ARM.Collect$$libinit$$00000023)
    __rt_lib_init_heap_1                     0x08000209   Thumb Code     0  libinit2.o(.ARM.Collect$$libinit$$0000000A)
    __rt_lib_init_lc_collate_1               0x08000209   Thumb Code     0  libinit2.o(.ARM.Collect$$libinit$$00000011)
    __rt_lib_init_lc_ctype_1                 0x08000209   Thumb Code     0  libinit2.o(.ARM.Collect$$libinit$$00000013)
    __rt_lib_init_lc_monetary_1              0x08000209   Thumb Code     0  libinit2.o(.ARM.Collect$$libinit$$00000015)
    __rt_lib_init_lc_numeric_1               0x08000209   Thumb Code     0  libinit2.o(.ARM.Collect$$libinit$$00000017)
    __rt_lib_init_lc_time_1                  0x08000209   Thumb Code     0  libinit2.o(.ARM.Collect$$libinit$$00000019)
    __rt_lib_init_preinit_1                  0x08000209   Thumb Code     0  libinit2.o(.ARM.Collect$$libinit$$00000004)
    __rt_lib_init_rand_1                     0x08000209   Thumb Code     0  libinit2.o(.ARM.Collect$$libinit$$0000000E)
    __rt_lib_init_return                     0x08000209   Thumb Code     0  libinit2.o(.ARM.Collect$$libinit$$00000033)
    __rt_lib_init_signal_1                   0x08000209   Thumb Code     0  libinit2.o(.ARM.Collect$$libinit$$0000001D)
    __rt_lib_init_stdio_1                    0x08000209   Thumb Code     0  libinit2.o(.ARM.Collect$$libinit$$00000025)
    __rt_lib_init_user_alloc_1               0x08000209   Thumb Code     0  libinit2.o(.ARM.Collect$$libinit$$0000000C)
    __rt_lib_shutdown                        0x0800020b   Thumb Code     0  libshutdown.o(.ARM.Collect$$libshutdown$$00000000)
    __rt_lib_shutdown_fp_trap_1              0x0800020d   Thumb Code     0  libshutdown2.o(.ARM.Collect$$libshutdown$$00000006)
    __rt_lib_shutdown_heap_1                 0x0800020d   Thumb Code     0  libshutdown2.o(.ARM.Collect$$libshutdown$$0000000E)
    __rt_lib_shutdown_return                 0x0800020d   Thumb Code     0  libshutdown2.o(.ARM.Collect$$libshutdown$$0000000F)
    __rt_lib_shutdown_signal_1               0x0800020d   Thumb Code     0  libshutdown2.o(.ARM.Collect$$libshutdown$$00000009)
    __rt_lib_shutdown_stdio_1                0x0800020d   Thumb Code     0  libshutdown2.o(.ARM.Collect$$libshutdown$$00000003)
    __rt_lib_shutdown_user_alloc_1           0x0800020d   Thumb Code     0  libshutdown2.o(.ARM.Collect$$libshutdown$$0000000B)
    __rt_entry                               0x0800020f   Thumb Code     0  __rtentry.o(.ARM.Collect$$rtentry$$00000000)
    __rt_entry_presh_1                       0x0800020f   Thumb Code     0  __rtentry2.o(.ARM.Collect$$rtentry$$00000002)
    __rt_entry_sh                            0x0800020f   Thumb Code     0  __rtentry4.o(.ARM.Collect$$rtentry$$00000004)
    __rt_entry_li                            0x08000215   Thumb Code     0  __rtentry2.o(.ARM.Collect$$rtentry$$0000000A)
    __rt_entry_postsh_1                      0x08000215   Thumb Code     0  __rtentry2.o(.ARM.Collect$$rtentry$$00000009)
    __rt_entry_main                          0x08000219   Thumb Code     0  __rtentry2.o(.ARM.Collect$$rtentry$$0000000D)
    __rt_entry_postli_1                      0x08000219   Thumb Code     0  __rtentry2.o(.ARM.Collect$$rtentry$$0000000C)
    __rt_exit                                0x08000221   Thumb Code     0  rtexit.o(.ARM.Collect$$rtexit$$00000000)
    __rt_exit_ls                             0x08000223   Thumb Code     0  rtexit2.o(.ARM.Collect$$rtexit$$00000003)
    __rt_exit_prels_1                        0x08000223   Thumb Code     0  rtexit2.o(.ARM.Collect$$rtexit$$00000002)
    __rt_exit_exit                           0x08000227   Thumb Code     0  rtexit2.o(.ARM.Collect$$rtexit$$00000004)
    usart_init                               0x0800022d   Thumb Code   164  main.o(.text)
    Test_X9C103_Config                       0x080002d1   Thumb Code   126  main.o(.text)
    main                                     0x0800034f   Thumb Code    62  main.o(.text)
    NMI_Handler                              0x080003a1   Thumb Code     2  stm32f10x_it.o(.text)
    HardFault_Handler                        0x080003a3   Thumb Code     4  stm32f10x_it.o(.text)
    MemManage_Handler                        0x080003a7   Thumb Code     4  stm32f10x_it.o(.text)
    BusFault_Handler                         0x080003ab   Thumb Code     4  stm32f10x_it.o(.text)
    UsageFault_Handler                       0x080003af   Thumb Code     4  stm32f10x_it.o(.text)
    SVC_Handler                              0x080003b3   Thumb Code     2  stm32f10x_it.o(.text)
    DebugMon_Handler                         0x080003b5   Thumb Code     2  stm32f10x_it.o(.text)
    PendSV_Handler                           0x080003b7   Thumb Code     2  stm32f10x_it.o(.text)
    SysTick_Handler                          0x080003b9   Thumb Code     2  stm32f10x_it.o(.text)
    USART1_IRQHandler                        0x080003bb   Thumb Code  1026  stm32f10x_it.o(.text)
    SystemInit                               0x0800089b   Thumb Code    78  system_stm32f10x.o(.text)
    SystemCoreClockUpdate                    0x080008e9   Thumb Code   142  system_stm32f10x.o(.text)
    SPI2_ReadWriteByte                       0x0800099d   Thumb Code    78  spi.o(.text)
    SPI2_Init                                0x080009eb   Thumb Code   140  spi.o(.text)
    SPI2_SetSpeed                            0x08000a77   Thumb Code    36  spi.o(.text)
    SPI1_ReadWriteByte                       0x08000a9b   Thumb Code    78  spi.o(.text)
    SPI1_Init                                0x08000ae9   Thumb Code   130  spi.o(.text)
    SPI1_SetSpeed                            0x08000b6b   Thumb Code    36  spi.o(.text)
    SD_SetDeviceMode                         0x08000ba1   Thumb Code    20  sdio_sdcard.o(.text)
    SDIO_Clock_Set                           0x08000bb5   Thumb Code    16  sdio_sdcard.o(.text)
    CmdResp1Error                            0x08000bc5   Thumb Code    90  sdio_sdcard.o(.text)
    FindSCR                                  0x08000c1f   Thumb Code   386  sdio_sdcard.o(.text)
    SDEnWideBus                              0x08000da1   Thumb Code   158  sdio_sdcard.o(.text)
    SD_EnableWideBusOperation                0x08000e3f   Thumb Code    94  sdio_sdcard.o(.text)
    SD_SelectDeselect                        0x08000e9d   Thumb Code    42  sdio_sdcard.o(.text)
    SD_GetCardInfo                           0x08000ec7   Thumb Code   802  sdio_sdcard.o(.text)
    CmdResp2Error                            0x080011e9   Thumb Code    80  sdio_sdcard.o(.text)
    CmdResp6Error                            0x08001239   Thumb Code   140  sdio_sdcard.o(.text)
    SD_InitializeCards                       0x080012c5   Thumb Code   336  sdio_sdcard.o(.text)
    CmdResp3Error                            0x08001415   Thumb Code    50  sdio_sdcard.o(.text)
    CmdResp7Error                            0x08001447   Thumb Code    70  sdio_sdcard.o(.text)
    CmdError                                 0x0800148d   Thumb Code    48  sdio_sdcard.o(.text)
    SD_PowerON                               0x080014bd   Thumb Code   450  sdio_sdcard.o(.text)
    SD_Init                                  0x0800167f   Thumb Code   238  sdio_sdcard.o(.text)
    SD_PowerOFF                              0x0800176d   Thumb Code    12  sdio_sdcard.o(.text)
    SD_DMA_Config                            0x08001779   Thumb Code   146  sdio_sdcard.o(.text)
    convert_from_bytes_to_power_of_two       0x0800180b   Thumb Code    18  sdio_sdcard.o(.text)
    SD_ReadBlock                             0x0800181d   Thumb Code   560  sdio_sdcard.o(.text)
    SD_ReadMultiBlocks                       0x08001a4d   Thumb Code   742  sdio_sdcard.o(.text)
    IsCardProgramming                        0x08001d33   Thumb Code   142  sdio_sdcard.o(.text)
    SD_WriteBlock                            0x08001dc1   Thumb Code   888  sdio_sdcard.o(.text)
    SD_WriteMultiBlocks                      0x08002139   Thumb Code   962  sdio_sdcard.o(.text)
    SD_ProcessIRQSrc                         0x080024fb   Thumb Code   294  sdio_sdcard.o(.text)
    SDIO_IRQHandler                          0x08002621   Thumb Code     8  sdio_sdcard.o(.text)
    SD_SendStatus                            0x08002629   Thumb Code    72  sdio_sdcard.o(.text)
    SD_GetState                              0x08002671   Thumb Code    26  sdio_sdcard.o(.text)
    SD_ReadDisk                              0x0800268b   Thumb Code   148  sdio_sdcard.o(.text)
    SD_WriteDisk                             0x0800271f   Thumb Code   148  sdio_sdcard.o(.text)
    VS_SPI_ReadWriteByte                     0x080027d1   Thumb Code    12  vs10xx.o(.text)
    VS_SPI_SpeedLow                          0x080027dd   Thumb Code    10  vs10xx.o(.text)
    VS_SPI_SpeedHigh                         0x080027e7   Thumb Code    10  vs10xx.o(.text)
    VS_Init                                  0x080027f1   Thumb Code    84  vs10xx.o(.text)
    VS_WR_Cmd                                0x08002845   Thumb Code    72  vs10xx.o(.text)
    VS_RD_Reg                                0x0800288d   Thumb Code    88  vs10xx.o(.text)
    VS_Soft_Reset                            0x080028e5   Thumb Code   126  vs10xx.o(.text)
    VS_HD_Reset                              0x08002963   Thumb Code    76  vs10xx.o(.text)
    VS_Sine_Test                             0x080029af   Thumb Code   306  vs10xx.o(.text)
    VS_Ram_Test                              0x08002ae1   Thumb Code   106  vs10xx.o(.text)
    VS_WR_Data                               0x08002b4b   Thumb Code    30  vs10xx.o(.text)
    VS_WRAM_Read                             0x08002b69   Thumb Code    24  vs10xx.o(.text)
    VS_WRAM_Write                            0x08002b81   Thumb Code    34  vs10xx.o(.text)
    VS_Set_Speed                             0x08002ba3   Thumb Code    16  vs10xx.o(.text)
    VS_Get_HeadInfo                          0x08002bb3   Thumb Code   200  vs10xx.o(.text)
    VS_Get_ByteRate                          0x08002c7b   Thumb Code    12  vs10xx.o(.text)
    VS_Get_EndFillByte                       0x08002c87   Thumb Code    12  vs10xx.o(.text)
    VS_Send_MusicData                        0x08002c93   Thumb Code    50  vs10xx.o(.text)
    VS_Restart_Play                          0x08002cc5   Thumb Code   182  vs10xx.o(.text)
    VS_Reset_DecodeTime                      0x08002d7b   Thumb Code    20  vs10xx.o(.text)
    VS_Get_DecodeTime                        0x08002d8f   Thumb Code    16  vs10xx.o(.text)
    VS_Load_Patch                            0x08002d9f   Thumb Code   112  vs10xx.o(.text)
    VS_Set_Vol                               0x08002e0f   Thumb Code    38  vs10xx.o(.text)
    VS_Set_Bass                              0x08002e35   Thumb Code   102  vs10xx.o(.text)
    VS_Set_Effect                            0x08002e9b   Thumb Code    54  vs10xx.o(.text)
    VS_SPK_Set                               0x08002ed1   Thumb Code     2  vs10xx.o(.text)
    VS_I2S_EN                                0x08002ed3   Thumb Code    24  vs10xx.o(.text)
    VS_Set_All                               0x08002eeb   Thumb Code    46  vs10xx.o(.text)
    X9C103_Config                            0x08002f29   Thumb Code    50  x9c103.o(.text)
    Delay                                    0x08002f5b   Thumb Code    12  x9c103.o(.text)
    X9C103_Inc_N_Step                        0x08002f67   Thumb Code    82  x9c103.o(.text)
    X9C103_Dec_N_Step                        0x08002fb9   Thumb Code   100  x9c103.o(.text)
    X9C103_Init                              0x0800301d   Thumb Code    24  x9c103.o(.text)
    Init_x109_1_3_6                          0x08003035   Thumb Code   280  x9c103.o(.text)
    delay_init                               0x08003159   Thumb Code    50  delay.o(.text)
    delay_us                                 0x0800318b   Thumb Code    72  delay.o(.text)
    delay_ms                                 0x080031d3   Thumb Code    72  delay.o(.text)
    WFI_SET                                  0x0800322d   Thumb Code     4  sys.o(.text)
    INTX_DISABLE                             0x08003231   Thumb Code     4  sys.o(.text)
    INTX_ENABLE                              0x08003235   Thumb Code     4  sys.o(.text)
    _sys_exit                                0x08003239   Thumb Code     6  usart.o(.text)
    fputc                                    0x0800323f   Thumb Code    24  usart.o(.text)
    uart_init                                0x08003257   Thumb Code   152  usart.o(.text)
    Reset_Handler                            0x080032f9   Thumb Code     8  startup_stm32f10x_hd.o(.text)
    ADC1_2_IRQHandler                        0x08003313   Thumb Code     0  startup_stm32f10x_hd.o(.text)
    ADC3_IRQHandler                          0x08003313   Thumb Code     0  startup_stm32f10x_hd.o(.text)
    CAN1_RX1_IRQHandler                      0x08003313   Thumb Code     0  startup_stm32f10x_hd.o(.text)
    CAN1_SCE_IRQHandler                      0x08003313   Thumb Code     0  startup_stm32f10x_hd.o(.text)
    DMA1_Channel1_IRQHandler                 0x08003313   Thumb Code     0  startup_stm32f10x_hd.o(.text)
    DMA1_Channel2_IRQHandler                 0x08003313   Thumb Code     0  startup_stm32f10x_hd.o(.text)
    DMA1_Channel3_IRQHandler                 0x08003313   Thumb Code     0  startup_stm32f10x_hd.o(.text)
    DMA1_Channel4_IRQHandler                 0x08003313   Thumb Code     0  startup_stm32f10x_hd.o(.text)
    DMA1_Channel5_IRQHandler                 0x08003313   Thumb Code     0  startup_stm32f10x_hd.o(.text)
    DMA1_Channel6_IRQHandler                 0x08003313   Thumb Code     0  startup_stm32f10x_hd.o(.text)
    DMA1_Channel7_IRQHandler                 0x08003313   Thumb Code     0  startup_stm32f10x_hd.o(.text)
    DMA2_Channel1_IRQHandler                 0x08003313   Thumb Code     0  startup_stm32f10x_hd.o(.text)
    DMA2_Channel2_IRQHandler                 0x08003313   Thumb Code     0  startup_stm32f10x_hd.o(.text)
    DMA2_Channel3_IRQHandler                 0x08003313   Thumb Code     0  startup_stm32f10x_hd.o(.text)
    DMA2_Channel4_5_IRQHandler               0x08003313   Thumb Code     0  startup_stm32f10x_hd.o(.text)
    EXTI0_IRQHandler                         0x08003313   Thumb Code     0  startup_stm32f10x_hd.o(.text)
    EXTI15_10_IRQHandler                     0x08003313   Thumb Code     0  startup_stm32f10x_hd.o(.text)
    EXTI1_IRQHandler                         0x08003313   Thumb Code     0  startup_stm32f10x_hd.o(.text)
    EXTI2_IRQHandler                         0x08003313   Thumb Code     0  startup_stm32f10x_hd.o(.text)
    EXTI3_IRQHandler                         0x08003313   Thumb Code     0  startup_stm32f10x_hd.o(.text)
    EXTI4_IRQHandler                         0x08003313   Thumb Code     0  startup_stm32f10x_hd.o(.text)
    EXTI9_5_IRQHandler                       0x08003313   Thumb Code     0  startup_stm32f10x_hd.o(.text)
    FLASH_IRQHandler                         0x08003313   Thumb Code     0  startup_stm32f10x_hd.o(.text)
    FSMC_IRQHandler                          0x08003313   Thumb Code     0  startup_stm32f10x_hd.o(.text)
    I2C1_ER_IRQHandler                       0x08003313   Thumb Code     0  startup_stm32f10x_hd.o(.text)
    I2C1_EV_IRQHandler                       0x08003313   Thumb Code     0  startup_stm32f10x_hd.o(.text)
    I2C2_ER_IRQHandler                       0x08003313   Thumb Code     0  startup_stm32f10x_hd.o(.text)
    I2C2_EV_IRQHandler                       0x08003313   Thumb Code     0  startup_stm32f10x_hd.o(.text)
    PVD_IRQHandler                           0x08003313   Thumb Code     0  startup_stm32f10x_hd.o(.text)
    RCC_IRQHandler                           0x08003313   Thumb Code     0  startup_stm32f10x_hd.o(.text)
    RTCAlarm_IRQHandler                      0x08003313   Thumb Code     0  startup_stm32f10x_hd.o(.text)
    RTC_IRQHandler                           0x08003313   Thumb Code     0  startup_stm32f10x_hd.o(.text)
    SPI1_IRQHandler                          0x08003313   Thumb Code     0  startup_stm32f10x_hd.o(.text)
    SPI2_IRQHandler                          0x08003313   Thumb Code     0  startup_stm32f10x_hd.o(.text)
    SPI3_IRQHandler                          0x08003313   Thumb Code     0  startup_stm32f10x_hd.o(.text)
    TAMPER_IRQHandler                        0x08003313   Thumb Code     0  startup_stm32f10x_hd.o(.text)
    TIM1_BRK_IRQHandler                      0x08003313   Thumb Code     0  startup_stm32f10x_hd.o(.text)
    TIM1_CC_IRQHandler                       0x08003313   Thumb Code     0  startup_stm32f10x_hd.o(.text)
    TIM1_TRG_COM_IRQHandler                  0x08003313   Thumb Code     0  startup_stm32f10x_hd.o(.text)
    TIM1_UP_IRQHandler                       0x08003313   Thumb Code     0  startup_stm32f10x_hd.o(.text)
    TIM2_IRQHandler                          0x08003313   Thumb Code     0  startup_stm32f10x_hd.o(.text)
    TIM3_IRQHandler                          0x08003313   Thumb Code     0  startup_stm32f10x_hd.o(.text)
    TIM5_IRQHandler                          0x08003313   Thumb Code     0  startup_stm32f10x_hd.o(.text)
    TIM6_IRQHandler                          0x08003313   Thumb Code     0  startup_stm32f10x_hd.o(.text)
    TIM7_IRQHandler                          0x08003313   Thumb Code     0  startup_stm32f10x_hd.o(.text)
    TIM8_BRK_IRQHandler                      0x08003313   Thumb Code     0  startup_stm32f10x_hd.o(.text)
    TIM8_CC_IRQHandler                       0x08003313   Thumb Code     0  startup_stm32f10x_hd.o(.text)
    TIM8_TRG_COM_IRQHandler                  0x08003313   Thumb Code     0  startup_stm32f10x_hd.o(.text)
    TIM8_UP_IRQHandler                       0x08003313   Thumb Code     0  startup_stm32f10x_hd.o(.text)
    UART4_IRQHandler                         0x08003313   Thumb Code     0  startup_stm32f10x_hd.o(.text)
    UART5_IRQHandler                         0x08003313   Thumb Code     0  startup_stm32f10x_hd.o(.text)
    USART2_IRQHandler                        0x08003313   Thumb Code     0  startup_stm32f10x_hd.o(.text)
    USART3_IRQHandler                        0x08003313   Thumb Code     0  startup_stm32f10x_hd.o(.text)
    USBWakeUp_IRQHandler                     0x08003313   Thumb Code     0  startup_stm32f10x_hd.o(.text)
    USB_HP_CAN1_TX_IRQHandler                0x08003313   Thumb Code     0  startup_stm32f10x_hd.o(.text)
    USB_LP_CAN1_RX0_IRQHandler               0x08003313   Thumb Code     0  startup_stm32f10x_hd.o(.text)
    WWDG_IRQHandler                          0x08003313   Thumb Code     0  startup_stm32f10x_hd.o(.text)
    __user_initial_stackheap                 0x08003315   Thumb Code     0  startup_stm32f10x_hd.o(.text)
    NVIC_PriorityGroupConfig                 0x08003339   Thumb Code    10  misc.o(.text)
    NVIC_Init                                0x08003343   Thumb Code   100  misc.o(.text)
    NVIC_SetVectorTable                      0x080033a7   Thumb Code    14  misc.o(.text)
    NVIC_SystemLPConfig                      0x080033b5   Thumb Code    34  misc.o(.text)
    SysTick_CLKSourceConfig                  0x080033d7   Thumb Code    40  misc.o(.text)
    GPIO_DeInit                              0x08003415   Thumb Code   172  stm32f10x_gpio.o(.text)
    GPIO_AFIODeInit                          0x080034c1   Thumb Code    20  stm32f10x_gpio.o(.text)
    GPIO_Init                                0x080034d5   Thumb Code   278  stm32f10x_gpio.o(.text)
    GPIO_StructInit                          0x080035eb   Thumb Code    16  stm32f10x_gpio.o(.text)
    GPIO_ReadInputDataBit                    0x080035fb   Thumb Code    18  stm32f10x_gpio.o(.text)
    GPIO_ReadInputData                       0x0800360d   Thumb Code     8  stm32f10x_gpio.o(.text)
    GPIO_ReadOutputDataBit                   0x08003615   Thumb Code    18  stm32f10x_gpio.o(.text)
    GPIO_ReadOutputData                      0x08003627   Thumb Code     8  stm32f10x_gpio.o(.text)
    GPIO_SetBits                             0x0800362f   Thumb Code     4  stm32f10x_gpio.o(.text)
    GPIO_ResetBits                           0x08003633   Thumb Code     4  stm32f10x_gpio.o(.text)
    GPIO_WriteBit                            0x08003637   Thumb Code    10  stm32f10x_gpio.o(.text)
    GPIO_Write                               0x08003641   Thumb Code     4  stm32f10x_gpio.o(.text)
    GPIO_PinLockConfig                       0x08003645   Thumb Code    18  stm32f10x_gpio.o(.text)
    GPIO_EventOutputConfig                   0x08003657   Thumb Code    26  stm32f10x_gpio.o(.text)
    GPIO_EventOutputCmd                      0x08003671   Thumb Code     6  stm32f10x_gpio.o(.text)
    GPIO_PinRemapConfig                      0x08003677   Thumb Code   138  stm32f10x_gpio.o(.text)
    GPIO_EXTILineConfig                      0x08003701   Thumb Code    66  stm32f10x_gpio.o(.text)
    GPIO_ETH_MediaInterfaceConfig            0x08003743   Thumb Code     8  stm32f10x_gpio.o(.text)
    RCC_DeInit                               0x08003771   Thumb Code    64  stm32f10x_rcc.o(.text)
    RCC_HSEConfig                            0x080037b1   Thumb Code    70  stm32f10x_rcc.o(.text)
    RCC_GetFlagStatus                        0x080037f7   Thumb Code    56  stm32f10x_rcc.o(.text)
    RCC_WaitForHSEStartUp                    0x0800382f   Thumb Code    56  stm32f10x_rcc.o(.text)
    RCC_AdjustHSICalibrationValue            0x08003867   Thumb Code    20  stm32f10x_rcc.o(.text)
    RCC_HSICmd                               0x0800387b   Thumb Code     6  stm32f10x_rcc.o(.text)
    RCC_PLLConfig                            0x08003881   Thumb Code    24  stm32f10x_rcc.o(.text)
    RCC_PLLCmd                               0x08003899   Thumb Code     6  stm32f10x_rcc.o(.text)
    RCC_SYSCLKConfig                         0x0800389f   Thumb Code    18  stm32f10x_rcc.o(.text)
    RCC_GetSYSCLKSource                      0x080038b1   Thumb Code    10  stm32f10x_rcc.o(.text)
    RCC_HCLKConfig                           0x080038bb   Thumb Code    18  stm32f10x_rcc.o(.text)
    RCC_PCLK1Config                          0x080038cd   Thumb Code    18  stm32f10x_rcc.o(.text)
    RCC_PCLK2Config                          0x080038df   Thumb Code    20  stm32f10x_rcc.o(.text)
    RCC_ITConfig                             0x080038f3   Thumb Code    26  stm32f10x_rcc.o(.text)
    RCC_USBCLKConfig                         0x0800390d   Thumb Code     8  stm32f10x_rcc.o(.text)
    RCC_ADCCLKConfig                         0x08003915   Thumb Code    18  stm32f10x_rcc.o(.text)
    RCC_LSEConfig                            0x08003927   Thumb Code    50  stm32f10x_rcc.o(.text)
    RCC_LSICmd                               0x08003959   Thumb Code     6  stm32f10x_rcc.o(.text)
    RCC_RTCCLKConfig                         0x0800395f   Thumb Code    12  stm32f10x_rcc.o(.text)
    RCC_RTCCLKCmd                            0x0800396b   Thumb Code     8  stm32f10x_rcc.o(.text)
    RCC_GetClocksFreq                        0x08003973   Thumb Code   192  stm32f10x_rcc.o(.text)
    RCC_AHBPeriphClockCmd                    0x08003a33   Thumb Code    26  stm32f10x_rcc.o(.text)
    RCC_APB2PeriphClockCmd                   0x08003a4d   Thumb Code    26  stm32f10x_rcc.o(.text)
    RCC_APB1PeriphClockCmd                   0x08003a67   Thumb Code    26  stm32f10x_rcc.o(.text)
    RCC_APB2PeriphResetCmd                   0x08003a81   Thumb Code    26  stm32f10x_rcc.o(.text)
    RCC_APB1PeriphResetCmd                   0x08003a9b   Thumb Code    26  stm32f10x_rcc.o(.text)
    RCC_BackupResetCmd                       0x08003ab5   Thumb Code     8  stm32f10x_rcc.o(.text)
    RCC_ClockSecuritySystemCmd               0x08003abd   Thumb Code     6  stm32f10x_rcc.o(.text)
    RCC_MCOConfig                            0x08003ac3   Thumb Code     6  stm32f10x_rcc.o(.text)
    RCC_ClearFlag                            0x08003ac9   Thumb Code    14  stm32f10x_rcc.o(.text)
    RCC_GetITStatus                          0x08003ad7   Thumb Code    20  stm32f10x_rcc.o(.text)
    RCC_ClearITPendingBit                    0x08003aeb   Thumb Code     6  stm32f10x_rcc.o(.text)
    SPI_I2S_DeInit                           0x08003b15   Thumb Code    76  stm32f10x_spi.o(.text)
    SPI_Init                                 0x08003b61   Thumb Code    60  stm32f10x_spi.o(.text)
    I2S_Init                                 0x08003b9d   Thumb Code   226  stm32f10x_spi.o(.text)
    SPI_StructInit                           0x08003c7f   Thumb Code    24  stm32f10x_spi.o(.text)
    I2S_StructInit                           0x08003c97   Thumb Code    20  stm32f10x_spi.o(.text)
    SPI_Cmd                                  0x08003cab   Thumb Code    24  stm32f10x_spi.o(.text)
    I2S_Cmd                                  0x08003cc3   Thumb Code    24  stm32f10x_spi.o(.text)
    SPI_I2S_ITConfig                         0x08003cdb   Thumb Code    32  stm32f10x_spi.o(.text)
    SPI_I2S_DMACmd                           0x08003cfb   Thumb Code    18  stm32f10x_spi.o(.text)
    SPI_I2S_SendData                         0x08003d0d   Thumb Code     4  stm32f10x_spi.o(.text)
    SPI_I2S_ReceiveData                      0x08003d11   Thumb Code     6  stm32f10x_spi.o(.text)
    SPI_NSSInternalSoftwareConfig            0x08003d17   Thumb Code    30  stm32f10x_spi.o(.text)
    SPI_SSOutputCmd                          0x08003d35   Thumb Code    24  stm32f10x_spi.o(.text)
    SPI_DataSizeConfig                       0x08003d4d   Thumb Code    18  stm32f10x_spi.o(.text)
    SPI_TransmitCRC                          0x08003d5f   Thumb Code    10  stm32f10x_spi.o(.text)
    SPI_CalculateCRC                         0x08003d69   Thumb Code    24  stm32f10x_spi.o(.text)
    SPI_GetCRC                               0x08003d81   Thumb Code    16  stm32f10x_spi.o(.text)
    SPI_GetCRCPolynomial                     0x08003d91   Thumb Code     6  stm32f10x_spi.o(.text)
    SPI_BiDirectionalLineConfig              0x08003d97   Thumb Code    28  stm32f10x_spi.o(.text)
    SPI_I2S_GetFlagStatus                    0x08003db3   Thumb Code    18  stm32f10x_spi.o(.text)
    SPI_I2S_ClearFlag                        0x08003dc5   Thumb Code     6  stm32f10x_spi.o(.text)
    SPI_I2S_GetITStatus                      0x08003dcb   Thumb Code    52  stm32f10x_spi.o(.text)
    SPI_I2S_ClearITPendingBit                0x08003dff   Thumb Code    20  stm32f10x_spi.o(.text)
    USART_DeInit                             0x08003e21   Thumb Code   134  stm32f10x_usart.o(.text)
    USART_Init                               0x08003ea7   Thumb Code   210  stm32f10x_usart.o(.text)
    USART_StructInit                         0x08003f79   Thumb Code    24  stm32f10x_usart.o(.text)
    USART_ClockInit                          0x08003f91   Thumb Code    34  stm32f10x_usart.o(.text)
    USART_ClockStructInit                    0x08003fb3   Thumb Code    12  stm32f10x_usart.o(.text)
    USART_Cmd                                0x08003fbf   Thumb Code    24  stm32f10x_usart.o(.text)
    USART_ITConfig                           0x08003fd7   Thumb Code    74  stm32f10x_usart.o(.text)
    USART_DMACmd                             0x08004021   Thumb Code    18  stm32f10x_usart.o(.text)
    USART_SetAddress                         0x08004033   Thumb Code    18  stm32f10x_usart.o(.text)
    USART_WakeUpConfig                       0x08004045   Thumb Code    18  stm32f10x_usart.o(.text)
    USART_ReceiverWakeUpCmd                  0x08004057   Thumb Code    24  stm32f10x_usart.o(.text)
    USART_LINBreakDetectLengthConfig         0x0800406f   Thumb Code    18  stm32f10x_usart.o(.text)
    USART_LINCmd                             0x08004081   Thumb Code    24  stm32f10x_usart.o(.text)
    USART_SendData                           0x08004099   Thumb Code     8  stm32f10x_usart.o(.text)
    USART_ReceiveData                        0x080040a1   Thumb Code    10  stm32f10x_usart.o(.text)
    USART_SendBreak                          0x080040ab   Thumb Code    10  stm32f10x_usart.o(.text)
    USART_SetGuardTime                       0x080040b5   Thumb Code    16  stm32f10x_usart.o(.text)
    USART_SetPrescaler                       0x080040c5   Thumb Code    16  stm32f10x_usart.o(.text)
    USART_SmartCardCmd                       0x080040d5   Thumb Code    24  stm32f10x_usart.o(.text)
    USART_SmartCardNACKCmd                   0x080040ed   Thumb Code    24  stm32f10x_usart.o(.text)
    USART_HalfDuplexCmd                      0x08004105   Thumb Code    24  stm32f10x_usart.o(.text)
    USART_OverSampling8Cmd                   0x0800411d   Thumb Code    22  stm32f10x_usart.o(.text)
    USART_OneBitMethodCmd                    0x08004133   Thumb Code    24  stm32f10x_usart.o(.text)
    USART_IrDAConfig                         0x0800414b   Thumb Code    18  stm32f10x_usart.o(.text)
    USART_IrDACmd                            0x0800415d   Thumb Code    24  stm32f10x_usart.o(.text)
    USART_GetFlagStatus                      0x08004175   Thumb Code    26  stm32f10x_usart.o(.text)
    USART_ClearFlag                          0x0800418f   Thumb Code    18  stm32f10x_usart.o(.text)
    USART_GetITStatus                        0x080041a1   Thumb Code    84  stm32f10x_usart.o(.text)
    USART_ClearITPendingBit                  0x080041f5   Thumb Code    52  stm32f10x_usart.o(.text)
    TIM_DeInit                               0x08004229   Thumb Code   424  stm32f10x_tim.o(.text)
    TIM_TimeBaseInit                         0x080043d1   Thumb Code   122  stm32f10x_tim.o(.text)
    TIM_OC1Init                              0x0800444b   Thumb Code   132  stm32f10x_tim.o(.text)
    TIM_OC2Init                              0x080044cf   Thumb Code   154  stm32f10x_tim.o(.text)
    TIM_OC3Init                              0x08004569   Thumb Code   150  stm32f10x_tim.o(.text)
    TIM_OC4Init                              0x080045ff   Thumb Code   182  stm32f10x_tim.o(.text)
    TIM_SetIC4Prescaler                      0x080046b5   Thumb Code    26  stm32f10x_tim.o(.text)
    TIM_SetIC3Prescaler                      0x08004751   Thumb Code    18  stm32f10x_tim.o(.text)
    TIM_SetIC2Prescaler                      0x080047dd   Thumb Code    26  stm32f10x_tim.o(.text)
    TIM_SetIC1Prescaler                      0x08004879   Thumb Code    18  stm32f10x_tim.o(.text)
    TIM_ICInit                               0x080048f7   Thumb Code   150  stm32f10x_tim.o(.text)
    TIM_PWMIConfig                           0x0800498d   Thumb Code   124  stm32f10x_tim.o(.text)
    TIM_BDTRConfig                           0x08004a09   Thumb Code    32  stm32f10x_tim.o(.text)
    TIM_TimeBaseStructInit                   0x08004a29   Thumb Code    18  stm32f10x_tim.o(.text)
    TIM_OCStructInit                         0x08004a3b   Thumb Code    20  stm32f10x_tim.o(.text)
    TIM_ICStructInit                         0x08004a4f   Thumb Code    18  stm32f10x_tim.o(.text)
    TIM_BDTRStructInit                       0x08004a61   Thumb Code    40  stm32f10x_tim.o(.text)
    TIM_Cmd                                  0x08004a89   Thumb Code    24  stm32f10x_tim.o(.text)
    TIM_CtrlPWMOutputs                       0x08004aa1   Thumb Code    30  stm32f10x_tim.o(.text)
    TIM_ITConfig                             0x08004abf   Thumb Code    18  stm32f10x_tim.o(.text)
    TIM_GenerateEvent                        0x08004ad1   Thumb Code     4  stm32f10x_tim.o(.text)
    TIM_DMAConfig                            0x08004ad5   Thumb Code    10  stm32f10x_tim.o(.text)
    TIM_DMACmd                               0x08004adf   Thumb Code    18  stm32f10x_tim.o(.text)
    TIM_InternalClockConfig                  0x08004af1   Thumb Code    12  stm32f10x_tim.o(.text)
    TIM_SelectInputTrigger                   0x08004afd   Thumb Code    18  stm32f10x_tim.o(.text)
    TIM_ITRxExternalClockConfig              0x08004b0f   Thumb Code    24  stm32f10x_tim.o(.text)
    TIM_TIxExternalClockConfig               0x08004b27   Thumb Code    62  stm32f10x_tim.o(.text)
    TIM_ETRConfig                            0x08004b65   Thumb Code    28  stm32f10x_tim.o(.text)
    TIM_ETRClockMode1Config                  0x08004b81   Thumb Code    54  stm32f10x_tim.o(.text)
    TIM_ETRClockMode2Config                  0x08004bb7   Thumb Code    32  stm32f10x_tim.o(.text)
    TIM_PrescalerConfig                      0x08004bd7   Thumb Code     6  stm32f10x_tim.o(.text)
    TIM_CounterModeConfig                    0x08004bdd   Thumb Code    18  stm32f10x_tim.o(.text)
    TIM_EncoderInterfaceConfig               0x08004bef   Thumb Code    66  stm32f10x_tim.o(.text)
    TIM_ForcedOC1Config                      0x08004c31   Thumb Code    18  stm32f10x_tim.o(.text)
    TIM_ForcedOC2Config                      0x08004c43   Thumb Code    26  stm32f10x_tim.o(.text)
    TIM_ForcedOC3Config                      0x08004c5d   Thumb Code    18  stm32f10x_tim.o(.text)
    TIM_ForcedOC4Config                      0x08004c6f   Thumb Code    26  stm32f10x_tim.o(.text)
    TIM_ARRPreloadConfig                     0x08004c89   Thumb Code    24  stm32f10x_tim.o(.text)
    TIM_SelectCOM                            0x08004ca1   Thumb Code    24  stm32f10x_tim.o(.text)
    TIM_SelectCCDMA                          0x08004cb9   Thumb Code    24  stm32f10x_tim.o(.text)
    TIM_CCPreloadControl                     0x08004cd1   Thumb Code    24  stm32f10x_tim.o(.text)
    TIM_OC1PreloadConfig                     0x08004ce9   Thumb Code    18  stm32f10x_tim.o(.text)
    TIM_OC2PreloadConfig                     0x08004cfb   Thumb Code    26  stm32f10x_tim.o(.text)
    TIM_OC3PreloadConfig                     0x08004d15   Thumb Code    18  stm32f10x_tim.o(.text)
    TIM_OC4PreloadConfig                     0x08004d27   Thumb Code    26  stm32f10x_tim.o(.text)
    TIM_OC1FastConfig                        0x08004d41   Thumb Code    18  stm32f10x_tim.o(.text)
    TIM_OC2FastConfig                        0x08004d53   Thumb Code    26  stm32f10x_tim.o(.text)
    TIM_OC3FastConfig                        0x08004d6d   Thumb Code    18  stm32f10x_tim.o(.text)
    TIM_OC4FastConfig                        0x08004d7f   Thumb Code    26  stm32f10x_tim.o(.text)
    TIM_ClearOC1Ref                          0x08004d99   Thumb Code    18  stm32f10x_tim.o(.text)
    TIM_ClearOC2Ref                          0x08004dab   Thumb Code    24  stm32f10x_tim.o(.text)
    TIM_ClearOC3Ref                          0x08004dc3   Thumb Code    18  stm32f10x_tim.o(.text)
    TIM_ClearOC4Ref                          0x08004dd5   Thumb Code    24  stm32f10x_tim.o(.text)
    TIM_OC1PolarityConfig                    0x08004ded   Thumb Code    18  stm32f10x_tim.o(.text)
    TIM_OC1NPolarityConfig                   0x08004dff   Thumb Code    18  stm32f10x_tim.o(.text)
    TIM_OC2PolarityConfig                    0x08004e11   Thumb Code    26  stm32f10x_tim.o(.text)
    TIM_OC2NPolarityConfig                   0x08004e2b   Thumb Code    26  stm32f10x_tim.o(.text)
    TIM_OC3PolarityConfig                    0x08004e45   Thumb Code    26  stm32f10x_tim.o(.text)
    TIM_OC3NPolarityConfig                   0x08004e5f   Thumb Code    26  stm32f10x_tim.o(.text)
    TIM_OC4PolarityConfig                    0x08004e79   Thumb Code    26  stm32f10x_tim.o(.text)
    TIM_CCxCmd                               0x08004e93   Thumb Code    30  stm32f10x_tim.o(.text)
    TIM_CCxNCmd                              0x08004eb1   Thumb Code    30  stm32f10x_tim.o(.text)
    TIM_SelectOCxM                           0x08004ecf   Thumb Code    82  stm32f10x_tim.o(.text)
    TIM_UpdateDisableConfig                  0x08004f21   Thumb Code    24  stm32f10x_tim.o(.text)
    TIM_UpdateRequestConfig                  0x08004f39   Thumb Code    24  stm32f10x_tim.o(.text)
    TIM_SelectHallSensor                     0x08004f51   Thumb Code    24  stm32f10x_tim.o(.text)
    TIM_SelectOnePulseMode                   0x08004f69   Thumb Code    18  stm32f10x_tim.o(.text)
    TIM_SelectOutputTrigger                  0x08004f7b   Thumb Code    18  stm32f10x_tim.o(.text)
    TIM_SelectSlaveMode                      0x08004f8d   Thumb Code    18  stm32f10x_tim.o(.text)
    TIM_SelectMasterSlaveMode                0x08004f9f   Thumb Code    18  stm32f10x_tim.o(.text)
    TIM_SetCounter                           0x08004fb1   Thumb Code     4  stm32f10x_tim.o(.text)
    TIM_SetAutoreload                        0x08004fb5   Thumb Code     4  stm32f10x_tim.o(.text)
    TIM_SetCompare1                          0x08004fb9   Thumb Code     4  stm32f10x_tim.o(.text)
    TIM_SetCompare2                          0x08004fbd   Thumb Code     4  stm32f10x_tim.o(.text)
    TIM_SetCompare3                          0x08004fc1   Thumb Code     4  stm32f10x_tim.o(.text)
    TIM_SetCompare4                          0x08004fc5   Thumb Code     6  stm32f10x_tim.o(.text)
    TIM_SetClockDivision                     0x08004fcb   Thumb Code    18  stm32f10x_tim.o(.text)
    TIM_GetCapture1                          0x08004fdd   Thumb Code     6  stm32f10x_tim.o(.text)
    TIM_GetCapture2                          0x08004fe3   Thumb Code     6  stm32f10x_tim.o(.text)
    TIM_GetCapture3                          0x08004fe9   Thumb Code     6  stm32f10x_tim.o(.text)
    TIM_GetCapture4                          0x08004fef   Thumb Code     8  stm32f10x_tim.o(.text)
    TIM_GetCounter                           0x08004ff7   Thumb Code     6  stm32f10x_tim.o(.text)
    TIM_GetPrescaler                         0x08004ffd   Thumb Code     6  stm32f10x_tim.o(.text)
    TIM_GetFlagStatus                        0x08005003   Thumb Code    18  stm32f10x_tim.o(.text)
    TIM_ClearFlag                            0x08005015   Thumb Code     6  stm32f10x_tim.o(.text)
    TIM_GetITStatus                          0x0800501b   Thumb Code    34  stm32f10x_tim.o(.text)
    TIM_ClearITPendingBit                    0x0800503d   Thumb Code     6  stm32f10x_tim.o(.text)
    DMA_DeInit                               0x08005045   Thumb Code   324  stm32f10x_dma.o(.text)
    DMA_Init                                 0x08005189   Thumb Code    60  stm32f10x_dma.o(.text)
    DMA_StructInit                           0x080051c5   Thumb Code    26  stm32f10x_dma.o(.text)
    DMA_Cmd                                  0x080051df   Thumb Code    24  stm32f10x_dma.o(.text)
    DMA_ITConfig                             0x080051f7   Thumb Code    18  stm32f10x_dma.o(.text)
    DMA_SetCurrDataCounter                   0x08005209   Thumb Code     4  stm32f10x_dma.o(.text)
    DMA_GetCurrDataCounter                   0x0800520d   Thumb Code     8  stm32f10x_dma.o(.text)
    DMA_GetFlagStatus                        0x08005215   Thumb Code    40  stm32f10x_dma.o(.text)
    DMA_ClearFlag                            0x0800523d   Thumb Code    22  stm32f10x_dma.o(.text)
    DMA_GetITStatus                          0x08005253   Thumb Code    40  stm32f10x_dma.o(.text)
    DMA_ClearITPendingBit                    0x0800527b   Thumb Code    22  stm32f10x_dma.o(.text)
    SDIO_DeInit                              0x08005299   Thumb Code    28  stm32f10x_sdio.o(.text)
    SDIO_Init                                0x080052b5   Thumb Code    42  stm32f10x_sdio.o(.text)
    SDIO_StructInit                          0x080052df   Thumb Code    16  stm32f10x_sdio.o(.text)
    SDIO_ClockCmd                            0x080052ef   Thumb Code     6  stm32f10x_sdio.o(.text)
    SDIO_SetPowerState                       0x080052f5   Thumb Code    22  stm32f10x_sdio.o(.text)
    SDIO_GetPowerState                       0x0800530b   Thumb Code    10  stm32f10x_sdio.o(.text)
    SDIO_ITConfig                            0x08005315   Thumb Code    26  stm32f10x_sdio.o(.text)
    SDIO_DMACmd                              0x0800532f   Thumb Code     6  stm32f10x_sdio.o(.text)
    SDIO_SendCommand                         0x08005335   Thumb Code    38  stm32f10x_sdio.o(.text)
    SDIO_CmdStructInit                       0x0800535b   Thumb Code    14  stm32f10x_sdio.o(.text)
    SDIO_GetCommandResponse                  0x08005369   Thumb Code     8  stm32f10x_sdio.o(.text)
    SDIO_GetResponse                         0x08005371   Thumb Code    22  stm32f10x_sdio.o(.text)
    SDIO_DataConfig                          0x08005387   Thumb Code    42  stm32f10x_sdio.o(.text)
    SDIO_DataStructInit                      0x080053b1   Thumb Code    20  stm32f10x_sdio.o(.text)
    SDIO_GetDataCounter                      0x080053c5   Thumb Code     6  stm32f10x_sdio.o(.text)
    SDIO_ReadData                            0x080053cb   Thumb Code     8  stm32f10x_sdio.o(.text)
    SDIO_WriteData                           0x080053d3   Thumb Code     8  stm32f10x_sdio.o(.text)
    SDIO_GetFIFOCount                        0x080053db   Thumb Code     6  stm32f10x_sdio.o(.text)
    SDIO_StartSDIOReadWait                   0x080053e1   Thumb Code     8  stm32f10x_sdio.o(.text)
    SDIO_StopSDIOReadWait                    0x080053e9   Thumb Code     8  stm32f10x_sdio.o(.text)
    SDIO_SetSDIOReadWaitMode                 0x080053f1   Thumb Code     8  stm32f10x_sdio.o(.text)
    SDIO_SetSDIOOperation                    0x080053f9   Thumb Code     8  stm32f10x_sdio.o(.text)
    SDIO_SendSDIOSuspendCmd                  0x08005401   Thumb Code     6  stm32f10x_sdio.o(.text)
    SDIO_CommandCompletionCmd                0x08005407   Thumb Code     8  stm32f10x_sdio.o(.text)
    SDIO_CEATAITCmd                          0x0800540f   Thumb Code    12  stm32f10x_sdio.o(.text)
    SDIO_SendCEATACmd                        0x0800541b   Thumb Code     8  stm32f10x_sdio.o(.text)
    SDIO_GetFlagStatus                       0x08005423   Thumb Code    20  stm32f10x_sdio.o(.text)
    SDIO_ClearFlag                           0x08005437   Thumb Code     6  stm32f10x_sdio.o(.text)
    SDIO_GetITStatus                         0x0800543d   Thumb Code    20  stm32f10x_sdio.o(.text)
    SDIO_ClearITPendingBit                   0x08005451   Thumb Code     6  stm32f10x_sdio.o(.text)
    usmart_sys_cmd_exe                       0x0800546d   Thumb Code  1554  usmart.o(.text)
    usmart_reset_runtime                     0x08005a7f   Thumb Code    38  usmart.o(.text)
    usmart_get_runtime                       0x08005aa5   Thumb Code    60  usmart.o(.text)
    TIM4_IRQHandler                          0x08005ae1   Thumb Code    46  usmart.o(.text)
    Timer4_Init                              0x08005b0f   Thumb Code    88  usmart.o(.text)
    usmart_init                              0x08005b67   Thumb Code    36  usmart.o(.text)
    usmart_cmd_rec                           0x08005b8b   Thumb Code   170  usmart.o(.text)
    usmart_exe                               0x08005c35   Thumb Code   870  usmart.o(.text)
    usmart_scan                              0x08005f9b   Thumb Code   120  usmart.o(.text)
    read_addr                                0x08006013   Thumb Code     6  usmart.o(.text)
    write_addr                               0x08006019   Thumb Code     4  usmart.o(.text)
    usmart_strcmp                            0x080060a5   Thumb Code    34  usmart_str.o(.text)
    usmart_strcopy                           0x080060c7   Thumb Code    22  usmart_str.o(.text)
    usmart_strlen                            0x080060dd   Thumb Code    24  usmart_str.o(.text)
    usmart_pow                               0x080060f5   Thumb Code    22  usmart_str.o(.text)
    usmart_str2num                           0x0800610b   Thumb Code   202  usmart_str.o(.text)
    usmart_get_cmdname                       0x080061d5   Thumb Code    54  usmart_str.o(.text)
    usmart_search_nextc                      0x0800620b   Thumb Code    22  usmart_str.o(.text)
    usmart_get_fname                         0x08006221   Thumb Code   440  usmart_str.o(.text)
    usmart_get_aparm                         0x080063d9   Thumb Code   200  usmart_str.o(.text)
    usmart_get_parmpos                       0x080064a1   Thumb Code    26  usmart_str.o(.text)
    usmart_get_fparam                        0x080064bb   Thumb Code   262  usmart_str.o(.text)
    __use_no_semihosting                     0x080065cd   Thumb Code     2  use_no_semi_2.o(.text)
    __2printf                                0x080065d1   Thumb Code    20  noretval__2printf.o(.text)
    _printf_pre_padding                      0x080065e9   Thumb Code    44  _printf_pad.o(.text)
    _printf_post_padding                     0x08006615   Thumb Code    34  _printf_pad.o(.text)
    _printf_str                              0x08006637   Thumb Code    82  _printf_str.o(.text)
    _printf_int_dec                          0x08006689   Thumb Code   104  _printf_dec.o(.text)
    _printf_int_hex                          0x08006701   Thumb Code    84  _printf_hex_int.o(.text)
    _printf_longlong_hex                     0x08006701   Thumb Code     0  _printf_hex_int.o(.text)
    __printf                                 0x08006759   Thumb Code   388  __printf_flags_ss_wp.o(.text)
    __aeabi_memcpy                           0x080068e1   Thumb Code     0  rt_memcpy_v6.o(.text)
    __rt_memcpy                              0x080068e1   Thumb Code   138  rt_memcpy_v6.o(.text)
    _memcpy_lastbytes                        0x08006947   Thumb Code     0  rt_memcpy_v6.o(.text)
    __use_two_region_memory                  0x0800696b   Thumb Code     2  heapauxi.o(.text)
    __rt_heap_escrow$2region                 0x0800696d   Thumb Code     2  heapauxi.o(.text)
    __rt_heap_expand$2region                 0x0800696f   Thumb Code     2  heapauxi.o(.text)
    __I$use$semihosting                      0x08006971   Thumb Code     0  use_no_semi.o(.text)
    __use_no_semihosting_swi                 0x08006971   Thumb Code     2  use_no_semi.o(.text)
    _printf_int_common                       0x08006973   Thumb Code   178  _printf_intcommon.o(.text)
    _printf_cs_common                        0x08006a25   Thumb Code    20  _printf_char.o(.text)
    _printf_char                             0x08006a39   Thumb Code    16  _printf_char.o(.text)
    _printf_string                           0x08006a49   Thumb Code     8  _printf_char.o(.text)
    _printf_char_file                        0x08006a51   Thumb Code    32  _printf_char_file.o(.text)
    __aeabi_memcpy4                          0x08006a75   Thumb Code     0  rt_memcpy_w.o(.text)
    __aeabi_memcpy8                          0x08006a75   Thumb Code     0  rt_memcpy_w.o(.text)
    __rt_memcpy_w                            0x08006a75   Thumb Code   100  rt_memcpy_w.o(.text)
    _memcpy_lastbytes_aligned                0x08006abd   Thumb Code     0  rt_memcpy_w.o(.text)
    _printf_char_common                      0x08006ae3   Thumb Code    32  _printf_char_common.o(.text)
    ferror                                   0x08006b09   Thumb Code     8  ferror.o(.text)
    __user_setup_stackheap                   0x08006b11   Thumb Code    74  sys_stackheap_outer.o(.text)
    exit                                     0x08006b5b   Thumb Code    12  exit.o(.text)
    __user_libspace                          0x08006b69   Thumb Code     8  libspace.o(.text)
    __user_perproc_libspace                  0x08006b69   Thumb Code     0  libspace.o(.text)
    __user_perthread_libspace                0x08006b69   Thumb Code     0  libspace.o(.text)
    _is_digit                                0x08006b71   Thumb Code    14  __printf_wp.o(i._is_digit)
    bitrate                                  0x08006b7e   Data          64  vs10xx.o(.constdata)
    Region$$Table$$Base                      0x08006d44   Number         0  anon$$obj.o(Region$$Table)
    Region$$Table$$Limit                     0x08006d64   Number         0  anon$$obj.o(Region$$Table)
    flag                                     0x20000000   Data           1  stm32f10x_it.o(.data)
    SystemCoreClock                          0x20000004   Data           4  system_stm32f10x.o(.data)
    AHBPrescTable                            0x20000008   Data          16  system_stm32f10x.o(.data)
    TransferError                            0x20000022   Data           1  sdio_sdcard.o(.data)
    TransferEnd                              0x20000023   Data           1  sdio_sdcard.o(.data)
    tempbuff                                 0x20000024   Data           4  sdio_sdcard.o(.data)
    vsset                                    0x20000028   Data           8  vs10xx.o(.data)
    __stdout                                 0x20000034   Data           4  usart.o(.data)
    USART_RX_BUF                             0x20000038   Data           3  usart.o(.data)
    USART_RX_STA                             0x2000003c   Data           2  usart.o(.data)
    cmd                                      0x2000003e   Data           1  usart.o(.data)
    sys_cmd_tab                              0x20000054   Data          28  usmart.o(.data)
    usmart_nametab                           0x20000070   Data          72  usmart_config.o(.data)
    usmart_dev                               0x200000b8   Data         244  usmart_config.o(.data)
    SDIO_InitStructure                       0x200001b0   Data          24  sdio_sdcard.o(.bss)
    SDIO_CmdInitStructure                    0x200001c8   Data          20  sdio_sdcard.o(.bss)
    SDIO_DataInitStructure                   0x200001dc   Data          24  sdio_sdcard.o(.bss)
    SDCardInfo                               0x20000218   Data          88  sdio_sdcard.o(.bss)
    SDIO_DATA_BUFFER                         0x20000270   Data         512  sdio_sdcard.o(.bss)
    __libspace_start                         0x20000470   Data          96  libspace.o(.bss)
    __temporary_stack_top$libspace           0x200004d0   Data           0  libspace.o(.bss)
    mem2base                                 0x68000000   Data       983040  malloc.o(.ARM.__AT_0x68000000)
    mem2mapbase                              0x680f0000   Data       61440  malloc.o(.ARM.__AT_0x680F0000)



==============================================================================

Memory Map of the image

  Image Entry point : 0x08000131

  Load Region LR_IROM1 (Base: 0x08000000, Size: 0x00006f10, Max: 0x00040000, ABSOLUTE, COMPRESSED[0x00006df0])

    Execution Region ER_IROM1 (Base: 0x08000000, Size: 0x00006d64, Max: 0x00040000, ABSOLUTE)

    Base Addr    Size         Type   Attr      Idx    E Section Name        Object

    0x08000000   0x00000130   Data   RO          405    RESET               startup_stm32f10x_hd.o
    0x08000130   0x00000008   Code   RO          846  * !!!main             c_w.l(__main.o)
    0x08000138   0x00000034   Code   RO         1072    !!!scatter          c_w.l(__scatter.o)
    0x0800016c   0x0000005a   Code   RO         1070    !!dczerorl2         c_w.l(__dczerorl2.o)
    0x080001c6   0x00000002   PAD
    0x080001c8   0x0000001c   Code   RO         1074    !!handler_zi        c_w.l(__scatter_zi.o)
    0x080001e4   0x00000000   Code   RO          833    .ARM.Collect$$_printf_percent$$00000000  c_w.l(_printf_percent.o)
    0x080001e4   0x00000006   Code   RO          831    .ARM.Collect$$_printf_percent$$00000009  c_w.l(_printf_d.o)
    0x080001ea   0x00000006   Code   RO          832    .ARM.Collect$$_printf_percent$$0000000A  c_w.l(_printf_u.o)
    0x080001f0   0x00000006   Code   RO          830    .ARM.Collect$$_printf_percent$$0000000C  c_w.l(_printf_x.o)
    0x080001f6   0x00000006   Code   RO          828    .ARM.Collect$$_printf_percent$$00000013  c_w.l(_printf_c.o)
    0x080001fc   0x00000006   Code   RO          829    .ARM.Collect$$_printf_percent$$00000014  c_w.l(_printf_s.o)
    0x08000202   0x00000004   Code   RO          889    .ARM.Collect$$_printf_percent$$00000017  c_w.l(_printf_percent_end.o)
    0x08000206   0x00000002   Code   RO          941    .ARM.Collect$$libinit$$00000000  c_w.l(libinit.o)
    0x08000208   0x00000000   Code   RO          952    .ARM.Collect$$libinit$$00000002  c_w.l(libinit2.o)
    0x08000208   0x00000000   Code   RO          954    .ARM.Collect$$libinit$$00000004  c_w.l(libinit2.o)
    0x08000208   0x00000000   Code   RO          957    .ARM.Collect$$libinit$$0000000A  c_w.l(libinit2.o)
    0x08000208   0x00000000   Code   RO          959    .ARM.Collect$$libinit$$0000000C  c_w.l(libinit2.o)
    0x08000208   0x00000000   Code   RO          961    .ARM.Collect$$libinit$$0000000E  c_w.l(libinit2.o)
    0x08000208   0x00000000   Code   RO          964    .ARM.Collect$$libinit$$00000011  c_w.l(libinit2.o)
    0x08000208   0x00000000   Code   RO          966    .ARM.Collect$$libinit$$00000013  c_w.l(libinit2.o)
    0x08000208   0x00000000   Code   RO          968    .ARM.Collect$$libinit$$00000015  c_w.l(libinit2.o)
    0x08000208   0x00000000   Code   RO          970    .ARM.Collect$$libinit$$00000017  c_w.l(libinit2.o)
    0x08000208   0x00000000   Code   RO          972    .ARM.Collect$$libinit$$00000019  c_w.l(libinit2.o)
    0x08000208   0x00000000   Code   RO          974    .ARM.Collect$$libinit$$0000001B  c_w.l(libinit2.o)
    0x08000208   0x00000000   Code   RO          976    .ARM.Collect$$libinit$$0000001D  c_w.l(libinit2.o)
    0x08000208   0x00000000   Code   RO          978    .ARM.Collect$$libinit$$0000001F  c_w.l(libinit2.o)
    0x08000208   0x00000000   Code   RO          980    .ARM.Collect$$libinit$$00000021  c_w.l(libinit2.o)
    0x08000208   0x00000000   Code   RO          982    .ARM.Collect$$libinit$$00000023  c_w.l(libinit2.o)
    0x08000208   0x00000000   Code   RO          984    .ARM.Collect$$libinit$$00000025  c_w.l(libinit2.o)
    0x08000208   0x00000000   Code   RO          988    .ARM.Collect$$libinit$$0000002C  c_w.l(libinit2.o)
    0x08000208   0x00000000   Code   RO          990    .ARM.Collect$$libinit$$0000002E  c_w.l(libinit2.o)
    0x08000208   0x00000000   Code   RO          992    .ARM.Collect$$libinit$$00000030  c_w.l(libinit2.o)
    0x08000208   0x00000000   Code   RO          994    .ARM.Collect$$libinit$$00000032  c_w.l(libinit2.o)
    0x08000208   0x00000002   Code   RO          995    .ARM.Collect$$libinit$$00000033  c_w.l(libinit2.o)
    0x0800020a   0x00000002   Code   RO         1023    .ARM.Collect$$libshutdown$$00000000  c_w.l(libshutdown.o)
    0x0800020c   0x00000000   Code   RO         1038    .ARM.Collect$$libshutdown$$00000003  c_w.l(libshutdown2.o)
    0x0800020c   0x00000000   Code   RO         1041    .ARM.Collect$$libshutdown$$00000006  c_w.l(libshutdown2.o)
    0x0800020c   0x00000000   Code   RO         1044    .ARM.Collect$$libshutdown$$00000009  c_w.l(libshutdown2.o)
    0x0800020c   0x00000000   Code   RO         1046    .ARM.Collect$$libshutdown$$0000000B  c_w.l(libshutdown2.o)
    0x0800020c   0x00000000   Code   RO         1049    .ARM.Collect$$libshutdown$$0000000E  c_w.l(libshutdown2.o)
    0x0800020c   0x00000002   Code   RO         1050    .ARM.Collect$$libshutdown$$0000000F  c_w.l(libshutdown2.o)
    0x0800020e   0x00000000   Code   RO          880    .ARM.Collect$$rtentry$$00000000  c_w.l(__rtentry.o)
    0x0800020e   0x00000000   Code   RO          904    .ARM.Collect$$rtentry$$00000002  c_w.l(__rtentry2.o)
    0x0800020e   0x00000006   Code   RO          916    .ARM.Collect$$rtentry$$00000004  c_w.l(__rtentry4.o)
    0x08000214   0x00000000   Code   RO          906    .ARM.Collect$$rtentry$$00000009  c_w.l(__rtentry2.o)
    0x08000214   0x00000004   Code   RO          907    .ARM.Collect$$rtentry$$0000000A  c_w.l(__rtentry2.o)
    0x08000218   0x00000000   Code   RO          909    .ARM.Collect$$rtentry$$0000000C  c_w.l(__rtentry2.o)
    0x08000218   0x00000008   Code   RO          910    .ARM.Collect$$rtentry$$0000000D  c_w.l(__rtentry2.o)
    0x08000220   0x00000002   Code   RO          945    .ARM.Collect$$rtexit$$00000000  c_w.l(rtexit.o)
    0x08000222   0x00000000   Code   RO          997    .ARM.Collect$$rtexit$$00000002  c_w.l(rtexit2.o)
    0x08000222   0x00000004   Code   RO          998    .ARM.Collect$$rtexit$$00000003  c_w.l(rtexit2.o)
    0x08000226   0x00000006   Code   RO          999    .ARM.Collect$$rtexit$$00000004  c_w.l(rtexit2.o)
    0x0800022c   0x00000174   Code   RO            1    .text               main.o
    0x080003a0   0x0000041c   Code   RO          118    .text               stm32f10x_it.o
    0x080007bc   0x000001e0   Code   RO          166    .text               system_stm32f10x.o
    0x0800099c   0x00000204   Code   RO          245    .text               spi.o
    0x08000ba0   0x00001c30   Code   RO          279    .text               sdio_sdcard.o
    0x080027d0   0x00000758   Code   RO          305    .text               vs10xx.o
    0x08002f28   0x00000230   Code   RO          328    .text               x9c103.o
    0x08003158   0x000000d4   Code   RO          340    .text               delay.o
    0x0800322c   0x0000000c   Code   RO          355    .text               sys.o
    0x08003238   0x000000c0   Code   RO          371    .text               usart.o
    0x080032f8   0x00000040   Code   RO          406    .text               startup_stm32f10x_hd.o
    0x08003338   0x000000dc   Code   RO          410    .text               misc.o
    0x08003414   0x0000035c   Code   RO          434    .text               stm32f10x_gpio.o
    0x08003770   0x000003a4   Code   RO          446    .text               stm32f10x_rcc.o
    0x08003b14   0x0000030c   Code   RO          460    .text               stm32f10x_spi.o
    0x08003e20   0x00000408   Code   RO          472    .text               stm32f10x_usart.o
    0x08004228   0x00000e1a   Code   RO          484    .text               stm32f10x_tim.o
    0x08005042   0x00000002   PAD
    0x08005044   0x00000254   Code   RO          496    .text               stm32f10x_dma.o
    0x08005298   0x000001d4   Code   RO          508    .text               stm32f10x_sdio.o
    0x0800546c   0x00000c38   Code   RO          659    .text               usmart.o
    0x080060a4   0x00000528   Code   RO          692    .text               usmart_str.o
    0x080065cc   0x00000002   Code   RO          771    .text               c_w.l(use_no_semi_2.o)
    0x080065ce   0x00000002   PAD
    0x080065d0   0x00000018   Code   RO          777    .text               c_w.l(noretval__2printf.o)
    0x080065e8   0x0000004e   Code   RO          781    .text               c_w.l(_printf_pad.o)
    0x08006636   0x00000052   Code   RO          783    .text               c_w.l(_printf_str.o)
    0x08006688   0x00000078   Code   RO          785    .text               c_w.l(_printf_dec.o)
    0x08006700   0x00000058   Code   RO          790    .text               c_w.l(_printf_hex_int.o)
    0x08006758   0x00000188   Code   RO          825    .text               c_w.l(__printf_flags_ss_wp.o)
    0x080068e0   0x0000008a   Code   RO          840    .text               c_w.l(rt_memcpy_v6.o)
    0x0800696a   0x00000006   Code   RO          844    .text               c_w.l(heapauxi.o)
    0x08006970   0x00000002   Code   RO          878    .text               c_w.l(use_no_semi.o)
    0x08006972   0x000000b2   Code   RO          883    .text               c_w.l(_printf_intcommon.o)
    0x08006a24   0x0000002c   Code   RO          885    .text               c_w.l(_printf_char.o)
    0x08006a50   0x00000024   Code   RO          887    .text               c_w.l(_printf_char_file.o)
    0x08006a74   0x00000064   Code   RO          890    .text               c_w.l(rt_memcpy_w.o)
    0x08006ad8   0x00000030   Code   RO          922    .text               c_w.l(_printf_char_common.o)
    0x08006b08   0x00000008   Code   RO          924    .text               c_w.l(ferror.o)
    0x08006b10   0x0000004a   Code   RO          928    .text               c_w.l(sys_stackheap_outer.o)
    0x08006b5a   0x0000000c   Code   RO          934    .text               c_w.l(exit.o)
    0x08006b66   0x00000002   PAD
    0x08006b68   0x00000008   Code   RO          942    .text               c_w.l(libspace.o)
    0x08006b70   0x0000000e   Code   RO          818    i._is_digit         c_w.l(__printf_wp.o)
    0x08006b7e   0x00000040   Data   RO          306    .constdata          vs10xx.o
    0x08006bbe   0x00000028   Data   RO          791    .constdata          c_w.l(_printf_hex_int.o)
    0x08006be6   0x00000011   Data   RO          826    .constdata          c_w.l(__printf_flags_ss_wp.o)
    0x08006bf7   0x00000001   PAD
    0x08006bf8   0x00000028   Data   RO          660    .conststring        usmart.o
    0x08006c20   0x00000121   Data   RO          675    .conststring        usmart_config.o
    0x08006d41   0x00000003   PAD
    0x08006d44   0x00000020   Data   RO         1068    Region$$Table       anon$$obj.o


    Execution Region RW_IRAM1 (Base: 0x20000000, Size: 0x00000ad0, Max: 0x0000c000, ABSOLUTE, COMPRESSED[0x0000008c])

    Base Addr    Size         Type   Attr      Idx    E Section Name        Object

    0x20000000   0x00000001   Data   RW          119    .data               stm32f10x_it.o
    0x20000001   0x00000003   PAD
    0x20000004   0x00000014   Data   RW          167    .data               system_stm32f10x.o
    0x20000018   0x00000010   Data   RW          281    .data               sdio_sdcard.o
    0x20000028   0x00000008   Data   RW          307    .data               vs10xx.o
    0x20000030   0x00000004   Data   RW          341    .data               delay.o
    0x20000034   0x0000000b   Data   RW          372    .data               usart.o
    0x2000003f   0x00000014   Data   RW          447    .data               stm32f10x_rcc.o
    0x20000053   0x00000001   PAD
    0x20000054   0x0000001c   Data   RW          661    .data               usmart.o
    0x20000070   0x0000013c   Data   RW          676    .data               usmart_config.o
    0x200001ac   0x00000004   PAD
    0x200001b0   0x000002c0   Zero   RW          280    .bss                sdio_sdcard.o
    0x20000470   0x00000060   Zero   RW          943    .bss                c_w.l(libspace.o)
    0x200004d0   0x00000200   Zero   RW          404    HEAP                startup_stm32f10x_hd.o
    0x200006d0   0x00000400   Zero   RW          403    STACK               startup_stm32f10x_hd.o



  Load Region LR$$.ARM.__AT_0x68000000 (Base: 0x68000000, Size: 0x00000000, Max: 0x000f0000, ABSOLUTE)

    Execution Region ER$$.ARM.__AT_0x68000000 (Base: 0x68000000, Size: 0x000f0000, Max: 0x000f0000, ABSOLUTE, UNINIT)

    Base Addr    Size         Type   Attr      Idx    E Section Name        Object

    0x68000000   0x000f0000   Zero   RW          521    .ARM.__AT_0x68000000  malloc.o



  Load Region LR$$.ARM.__AT_0x680F0000 (Base: 0x680f0000, Size: 0x00000000, Max: 0x0000f000, ABSOLUTE)

    Execution Region ER$$.ARM.__AT_0x680F0000 (Base: 0x680f0000, Size: 0x0000f000, Max: 0x0000f000, ABSOLUTE, UNINIT)

    Base Addr    Size         Type   Attr      Idx    E Section Name        Object

    0x680f0000   0x0000f000   Zero   RW          522    .ARM.__AT_0x680F0000  malloc.o


==============================================================================

Image component sizes


      Code (inc. data)   RO Data    RW Data    ZI Data      Debug   Object Name

       212         18          0          4          0       1007   delay.o
       372         20          0          0          0     279741   main.o
         0          0          0          0    1044480       1537   malloc.o
       220         22          0          0          0       1785   misc.o
      7216        256          0         16        704      24384   sdio_sdcard.o
       516         18          0          0          0       1844   spi.o
        64         26        304          0       1536        788   startup_stm32f10x_hd.o
       596          8          0          0          0       4314   stm32f10x_dma.o
       860         38          0          0          0       5629   stm32f10x_gpio.o
      1052         38          0          1          0     205475   stm32f10x_it.o
       932         36          0         20          0       8792   stm32f10x_rcc.o
       468         22          0          0          0       7072   stm32f10x_sdio.o
       780         14          0          0          0       6510   stm32f10x_spi.o
      3610         88          0          0          0      22112   stm32f10x_tim.o
      1032         22          0          0          0       8356   stm32f10x_usart.o
        12          0          0          0          0        611   sys.o
       480         38          0         20          0       1719   system_stm32f10x.o
       192         10          0         11          0       2928   usart.o
      3128       1288         40         28          0       4294   usmart.o
         0          0        289        316          0       1520   usmart_config.o
      1320         12          0          0          0       5037   usmart_str.o
      1880         48         64          8          0       8324   vs10xx.o
       560         12          0          0          0       1618   x9c103.o

    ----------------------------------------------------------------------
     25504       2034        732        428    1046724     605397   Object Totals
         0          0         32          0          0          0   (incl. Generated)
         2          0          3          4          4          0   (incl. Padding)

    ----------------------------------------------------------------------

      Code (inc. data)   RO Data    RW Data    ZI Data      Debug   Library Member Name

        90          0          0          0          0          0   __dczerorl2.o
         8          0          0          0          0         68   __main.o
       392          4         17          0          0         92   __printf_flags_ss_wp.o
        14          0          0          0          0         68   __printf_wp.o
         0          0          0          0          0          0   __rtentry.o
        12          0          0          0          0          0   __rtentry2.o
         6          0          0          0          0          0   __rtentry4.o
        52          8          0          0          0          0   __scatter.o
        28          0          0          0          0          0   __scatter_zi.o
         6          0          0          0          0          0   _printf_c.o
        44          0          0          0          0        108   _printf_char.o
        48          6          0          0          0         96   _printf_char_common.o
        36          4          0          0          0         80   _printf_char_file.o
         6          0          0          0          0          0   _printf_d.o
       120         16          0          0          0         92   _printf_dec.o
        88          4         40          0          0         88   _printf_hex_int.o
       178          0          0          0          0         88   _printf_intcommon.o
        78          0          0          0          0        108   _printf_pad.o
         0          0          0          0          0          0   _printf_percent.o
         4          0          0          0          0          0   _printf_percent_end.o
         6          0          0          0          0          0   _printf_s.o
        82          0          0          0          0         80   _printf_str.o
         6          0          0          0          0          0   _printf_u.o
         6          0          0          0          0          0   _printf_x.o
        12          0          0          0          0         72   exit.o
         8          0          0          0          0         68   ferror.o
         6          0          0          0          0        152   heapauxi.o
         2          0          0          0          0          0   libinit.o
         2          0          0          0          0          0   libinit2.o
         2          0          0          0          0          0   libshutdown.o
         2          0          0          0          0          0   libshutdown2.o
         8          4          0          0         96         68   libspace.o
        24          4          0          0          0         84   noretval__2printf.o
       138          0          0          0          0         68   rt_memcpy_v6.o
       100          0          0          0          0         80   rt_memcpy_w.o
         2          0          0          0          0          0   rtexit.o
        10          0          0          0          0          0   rtexit2.o
        74          0          0          0          0         80   sys_stackheap_outer.o
         2          0          0          0          0         68   use_no_semi.o
         2          0          0          0          0         68   use_no_semi_2.o

    ----------------------------------------------------------------------
      1710         50         58          0         96       1776   Library Totals
         6          0          1          0          0          0   (incl. Padding)

    ----------------------------------------------------------------------

      Code (inc. data)   RO Data    RW Data    ZI Data      Debug   Library Name

      1704         50         57          0         96       1776   c_w.l

    ----------------------------------------------------------------------
      1710         50         58          0         96       1776   Library Totals

    ----------------------------------------------------------------------

==============================================================================


      Code (inc. data)   RO Data    RW Data    ZI Data      Debug   

     27214       2084        790        428    1046820     604205   Grand Totals
     27214       2084        790        140    1046820     604205   ELF Image Totals (compressed)
     27214       2084        790        140          0          0   ROM Totals

==============================================================================

    Total RO  Size (Code + RO Data)                28004 (  27.35kB)
    Total RW  Size (RW Data + ZI Data)           1047248 (1022.70kB)
    Total ROM Size (Code + RO Data + RW Data)      28144 (  27.48kB)

==============================================================================

